Archive member included to satisfy reference by file (symbol)

..\src\config\default\driver\device_support\pic32cx_bz2_device_support.a(info_block.o)
                              build/default/production/_ext/745501718/pal.o (IB_GetAntennaGain)
..\src\config\default\driver\device_support\pic32cx_bz2_device_support.a(rf_system.o)
                              build/default/production/_ext/1171490990/initialization.o (SYS_Load_Cal)
..\src\config\default\driver\device_support\pic32cx_bz2_device_support.a(info_block_plat.o)
                              ..\src\config\default\driver\device_support\pic32cx_bz2_device_support.a(info_block.o) (IB_PMU_REG_proc)
..\src\config\default\driver\device_support\pic32cx_bz2_device_support.a(pmu_dvr.o)
                              ..\src\config\default\driver\device_support\pic32cx_bz2_device_support.a(info_block_plat.o) (PMU_Write_Reg)
..\src\config\default\driver\device_support\pic32cx_bz2_device_support.a(rf.o)
                              ..\src\config\default\driver\device_support\pic32cx_bz2_device_support.a(rf_system.o) (RF_Write_Reg)
..\src\config\default\driver\lib\lib-ieee802154_phy_pic32cxbz-v1.1.0.a(phy.o)
                              build/default/production/_ext/957911548/phy_task.o (PHY_TaskHandler)
..\src\config\default\driver\lib\lib-ieee802154_phy_pic32cxbz-v1.1.0.a(phy_ed.o)
                              build/default/production/_ext/297566330/app_p2p_phy.o (PHY_EdStart)
..\src\config\default\driver\lib\lib-ieee802154_phy_pic32cxbz-v1.1.0.a(phy_helper.o)
                              build/default/production/_ext/767817240/app_phy_cmd_processor.o (PHY_ConfigRxSensitivity)
..\src\config\default\driver\lib\lib-ieee802154_phy_pic32cxbz-v1.1.0.a(phy_init.o)
                              build/default/production/_ext/767817240/app_phy_cmd_processor.o (PHY_Init)
..\src\config\default\driver\lib\lib-ieee802154_phy_pic32cxbz-v1.1.0.a(phy_irq_handler.o)
                              ..\src\config\default\driver\lib\lib-ieee802154_phy_pic32cxbz-v1.1.0.a(phy_init.o) (trx_irq_init)
..\src\config\default\driver\lib\lib-ieee802154_phy_pic32cxbz-v1.1.0.a(phy_pib.o)
                              ..\src\config\default\driver\lib\lib-ieee802154_phy_pic32cxbz-v1.1.0.a(phy_helper.o) (tx_pwr_table_mpalpa)
..\src\config\default\driver\lib\lib-ieee802154_phy_pic32cxbz-v1.1.0.a(phy_pwr_mgmt.o)
                              build/default/production/_ext/767817240/app_phy_cmd_processor.o (PHY_TrxSleep)
..\src\config\default\driver\lib\lib-ieee802154_phy_pic32cxbz-v1.1.0.a(phy_rx.o)
                              ..\src\config\default\driver\lib\lib-ieee802154_phy_pic32cxbz-v1.1.0.a(phy_irq_handler.o) (handle_received_frame_irq)
..\src\config\default\driver\lib\lib-ieee802154_phy_pic32cxbz-v1.1.0.a(phy_rx_enable.o)
                              build/default/production/_ext/297566330/app_p2p_phy.o (PHY_RxEnable)
..\src\config\default\driver\lib\lib-ieee802154_phy_pic32cxbz-v1.1.0.a(phy_tx.o)
                              build/default/production/_ext/297566330/app_p2p_phy.o (PHY_TxFrame)
..\src\config\default\driver\lib\lib-ieee802154_phy_pic32cxbz-v1.1.0.a(tfa.o)
                              build/default/production/_ext/767817240/app_phy_cmd_processor.o (PHY_CCAPerform)
..\src\config\default\driver\pds\pds.a(wlPdsInit.o)
                              build/default/production/_ext/1171490990/initialization.o (PDS_Init)
..\src\config\default\driver\pds\pds.a(D_Nv.o)
                              ..\src\config\default\driver\pds\pds.a(wlPdsInit.o) (D_Nv_Init)
..\src\config\default\driver\pds\pds.a(S_Nv-Chimera.o)
                              ..\src\config\default\driver\pds\pds.a(wlPdsInit.o) (S_Nv_Init)
..\src\config\default\driver\pds\pds.a(wlPdsDataServer.o)
                              ..\src\config\default\driver\pds\pds.a(wlPdsInit.o) (pdsItemCount)
c:/program files/microchip/xc32/v4.30/bin/bin/../../lib/gcc/pic32c/8.3.1/../../../../pic32c/lib/thumb/v7e-m+fp/hard\libpic32c.a(data_init.o)
                              build/default/production/_ext/1171490990/startup_xc32.o (__pic32c_data_initialization)
c:/program files/microchip/xc32/v4.30/bin/bin/../../lib/gcc/pic32c/8.3.1/../../../../pic32c/lib/thumb/v7e-m+fp/hard\libm-fast-emfloat.a(round.o)
                              ..\src\config\default\driver\device_support\pic32cx_bz2_device_support.a(rf_system.o) (round)
c:/program files/microchip/xc32/v4.30/bin/bin/../../lib/gcc/pic32c/8.3.1/../../../../pic32c/lib/thumb/v7e-m+fp/hard\libm-fast-emfloat.a(pow.o)
                              ..\src\config\default\driver\device_support\pic32cx_bz2_device_support.a(rf_system.o) (pow)
c:/program files/microchip/xc32/v4.30/bin/bin/../../lib/gcc/pic32c/8.3.1/../../../../pic32c/lib/thumb/v7e-m+fp/hard\libm-fast-emfloat.a(__aeabi_dadd.o)
                              ..\src\config\default\driver\lib\lib-ieee802154_phy_pic32cxbz-v1.1.0.a(phy_helper.o) (__aeabi_dadd)
[...]
Memory Configuration

Name             Origin             Length             Attributes
boot_rom         0x00000000         0x00005e00         xrl
pds              0x01000000         0x00004000         xr
rom              0x01004000         0x000fc000         xrl
ram              0x20000000         0x00020000         xw !r
bkupram          0x44014000         0x00002000
config_00045F80  0x00045f80         0x00000004
config_00045E80  0x00045e80         0x00000004
config_00045F84  0x00045f84         0x00000004
config_00045F88  0x00045f88         0x00000004
config_00045E8C  0x00045e8c         0x00000004
config_00045E90  0x00045e90         0x00000004
config_00045E98  0x00045e98         0x00000004
config_00045E94  0x00045e94         0x00000004
config_00045F98  0x00045f98         0x00000004
config_00045E84  0x00045e84         0x00000004
config_00045E9C  0x00045e9c         0x00000004
config_00045EB0  0x00045eb0         0x00000004
config_00045F9C  0x00045f9c         0x00000004
config_00045FB0  0x00045fb0         0x00000004
config_00045E88  0x00045e88         0x00000004
config_00045EB4  0x00045eb4         0x00000004
config_00045FB8  0x00045fb8         0x00000004
config_00045FB4  0x00045fb4         0x00000004
config_00045FBC  0x00045fbc         0x00000004
config_00045F8C  0x00045f8c         0x00000004
config_00045EB8  0x00045eb8         0x00000004
config_00045F90  0x00045f90         0x00000004
config_00045EBC  0x00045ebc         0x00000004
config_00045F94  0x00045f94         0x00000004
*default*        0x00000000         0xffffffff

Linker script and memory map

LOAD c:/program files/microchip/xc32/v4.30/bin/bin/../../lib/gcc/pic32c/8.3.1/thumb/v7e-m+fp/hard/crti.o
LOAD c:/program files/microchip/xc32/v4.30/bin/bin/../../lib/gcc/pic32c/8.3.1/thumb/v7e-m+fp/hard/crtbegin.o
LOAD build/default/production/_ext/297566330/app_p2p_phy.o
LOAD build/default/production/_ext/767817240/app_phy_cmd_processor.o
LOAD build/default/production/_ext/1529399856/osal_freertos.o
LOAD build/default/production/_ext/1529399856/osal_freertos_extend.o
LOAD build/default/production/_ext/60165520/plib_clk.o
LOAD build/default/production/_ext/1865131932/plib_cmcc.o
LOAD build/default/production/_ext/1986646378/plib_evsys.o
LOAD build/default/production/_ext/1865254177/plib_gpio.o
LOAD build/default/production/_ext/1865468468/plib_nvic.o
LOAD build/default/production/_ext/504274921/plib_sercom0_usart.o
LOAD build/default/production/_ext/829342655/plib_tc0.o
LOAD build/default/production/_ext/163028504/xc32_monitor.o
LOAD build/default/production/_ext/1014039709/sys_cache.o
LOAD build/default/production/_ext/1376093119/sys_command.o
LOAD build/default/production/_ext/1832805299/sys_console.o
LOAD build/default/production/_ext/1832805299/sys_console_uart.o
LOAD build/default/production/_ext/1881668453/sys_int.o
LOAD build/default/production/_ext/1000052432/sys_reset.o
LOAD build/default/production/_ext/101884895/sys_time.o
LOAD build/default/production/_ext/1171490990/exceptions.o
LOAD build/default/production/_ext/1171490990/startup_xc32.o
LOAD build/default/production/_ext/1171490990/initialization.o
LOAD build/default/production/_ext/1171490990/interrupts.o
LOAD build/default/production/_ext/1171490990/tasks.o
LOAD build/default/production/_ext/1171490990/freertos_hooks.o
LOAD build/default/production/_ext/1171490990/libc_syscalls.o
LOAD build/default/production/_ext/246609638/port.o
LOAD build/default/production/_ext/1665200909/heap_4.o
LOAD build/default/production/_ext/404212886/queue.o
LOAD build/default/production/_ext/404212886/timers.o
LOAD build/default/production/_ext/404212886/list.o
LOAD build/default/production/_ext/404212886/croutine.o
LOAD build/default/production/_ext/404212886/event_groups.o
LOAD build/default/production/_ext/404212886/FreeRTOS_tasks.o
LOAD build/default/production/_ext/404212886/stream_buffer.o
LOAD build/default/production/_ext/1360937237/main.o
LOAD build/default/production/_ext/1360937237/app_idle_task.o
LOAD build/default/production/_ext/1360937237/app.o
LOAD build/default/production/_ext/1360937237/app_user_edits.o
LOAD build/default/production/_ext/1360937237/transmit.o
LOAD build/default/production/_ext/957911548/phy_tx_frame_done_cb.o
LOAD build/default/production/_ext/957911548/phy_rx_frame_cb.o
LOAD build/default/production/_ext/957911548/phy_task.o
LOAD build/default/production/_ext/957911548/phy_ed_end_cb.o
LOAD build/default/production/_ext/1374435801/bmm.o
LOAD build/default/production/_ext/1865569570/plib_rcon.o
LOAD build/default/production/_ext/874725666/qmm.o
LOAD build/default/production/_ext/745501718/pal.o
LOAD build/default/production/_ext/60176403/plib_nvm.o
LOAD build/default/production/_ext/1865643529/plib_trng.o
LOAD ..\src\config\default\driver\device_support\pic32cx_bz2_device_support.a
LOAD ..\src\config\default\driver\lib\lib-ieee802154_phy_pic32cxbz-v1.1.0.a
LOAD ..\src\config\default\driver\pds\pds.a
                0x00000001                __MPLAB_BUILD = 0x1

.bkupram_data
 *(.bkupram_data .bkupram_data.*)

.bkupram_bss
 *(.bkupram_bss .bkupram_bss.*)
 *(.pbss .pbss.*)
                0x01100000                __rom_end = (ORIGIN (rom) + LENGTH (rom))
                0x20020000                __ram_end = (ORIGIN (ram) + LENGTH (ram))

.config_00045F80
 *(.config_00045F80)

.config_00045E80
 *(.config_00045E80)

.config_00045F84
 *(.config_00045F84)

.config_00045F88
                0x00045f88        0x4
 *(.config_00045F88)
 .config_00045F88
                0x00045f88        0x4 build/default/production/_ext/1171490990/initialization.o
                0x00045f88                __config_00045F88

.config_00045E8C
 *(.config_00045E8C)

.config_00045E90
 *(.config_00045E90)

.config_00045E98
 *(.config_00045E98)

.config_00045E94
 *(.config_00045E94)

.config_00045F98
                0x00045f98        0x4
 *(.config_00045F98)
 .config_00045F98
                0x00045f98        0x4 build/default/production/_ext/1171490990/initialization.o
                0x00045f98                __config_00045F98

.config_00045E84
 *(.config_00045E84)

.config_00045E9C
 *(.config_00045E9C)

.config_00045EB0
 *(.config_00045EB0)

.config_00045F9C
                0x00045f9c        0x4
 *(.config_00045F9C)
 .config_00045F9C
                0x00045f9c        0x4 build/default/production/_ext/1171490990/initialization.o
                0x00045f9c                __config_00045F9C

.config_00045FB0
 *(.config_00045FB0)

.config_00045E88
 *(.config_00045E88)

.config_00045EB4
 *(.config_00045EB4)

.config_00045FB8
 *(.config_00045FB8)

.config_00045FB4
 *(.config_00045FB4)

.config_00045FBC
                0x00045fbc        0x4
 *(.config_00045FBC)
 .config_00045FBC
                0x00045fbc        0x4 build/default/production/_ext/1171490990/initialization.o
                0x00045fbc                __config_00045FBC

.config_00045F8C
                0x00045f8c        0x4
 *(.config_00045F8C)
 .config_00045F8C
                0x00045f8c        0x4 build/default/production/_ext/1171490990/initialization.o
                0x00045f8c                __config_00045F8C

.config_00045EB8
 *(.config_00045EB8)

.config_00045F90
                0x00045f90        0x4
 *(.config_00045F90)
 .config_00045F90
                0x00045f90        0x4 build/default/production/_ext/1171490990/initialization.o
                0x00045f90                __config_00045F90

.config_00045EBC
 *(.config_00045EBC)

.config_00045F94
                0x00045f94        0x4
 *(.config_00045F94)
 .config_00045F94
                0x00045f94        0x4 build/default/production/_ext/1171490990/initialization.o
                0x00045f94                __config_00045F94

.vectors        0x00000000       0xe0
                0x00000000                . = ALIGN (0x4)
                0x00000000                _sfixed = .
 *(.vectors .vectors.* .vectors_default .vectors_default.*)
 .vectors       0x00000000       0xe0 build/default/production/_ext/1171490990/interrupts.o
                0x00000000                exception_table
 *(.isr_vector)
 *(.reset*)
 *(.after_vectors)

.dnvMem         0x01000000        0x0
                0x01000000                __d_nv_mem_start = .
                0x01004000                __d_nv_mem_end = (ORIGIN (pds) + LENGTH (pds))

.text           0x01004000       0x20
                0x01004000                PROVIDE (__pds_ff_start = .)
 *(.pds_ff .pds_ff.*)
                [!provide]                PROVIDE (__pds_ff_end = .)
                0x01004000                PROVIDE (__pds_fd_start = .)
 *(.pds_fd .pds_fd.*)
                [!provide]                PROVIDE (__pds_fd_end = .)
                0x01004000                . = ALIGN (0x4)
 *(.glue_7t)
 .glue_7t       0x01004000        0x0 linker stubs
 *(.glue_7)
 .glue_7        0x01004000        0x0 linker stubs
 *(.gnu.linkonce.r.*)
 *(.ARM.extab* .gnu.linkonce.armextab.*)
                0x01004000                . = ALIGN (0x4)
 *(.init)
 .init          0x01004000        0x4 c:/program files/microchip/xc32/v4.30/bin/bin/../../lib/gcc/pic32c/8.3.1/thumb/v7e-m+fp/hard/crti.o
                0x01004000                _init
 .init          0x01004004        0x8 c:/program files/microchip/xc32/v4.30/bin/bin/../../lib/gcc/pic32c/8.3.1/thumb/v7e-m+fp/hard/crtn.o
                0x0100400c                . = ALIGN (0x4)
                0x0100400c                __preinit_array_start = .
 *(.preinit_array)
                0x0100400c                __preinit_array_end = .
                0x0100400c                . = ALIGN (0x4)
                0x0100400c                __init_array_start = .
 *(SORT_BY_NAME(.init_array.*))
 *(.init_array)
 .init_array    0x0100400c        0x4 c:/program files/microchip/xc32/v4.30/bin/bin/../../lib/gcc/pic32c/8.3.1/thumb/v7e-m+fp/hard/crtbegin.o
                0x01004010                __init_array_end = .
                0x01004010                . = ALIGN (0x4)
 *crtbegin.o(.ctors)
 *(EXCLUDE_FILE(*crtend.o) .ctors)
 *(SORT_BY_NAME(.ctors.*))
 *crtend.o(.ctors)
                0x01004010                . = ALIGN (0x4)
 *(.fini)
 .fini          0x01004010        0x4 c:/program files/microchip/xc32/v4.30/bin/bin/../../lib/gcc/pic32c/8.3.1/thumb/v7e-m+fp/hard/crti.o
                0x01004010                _fini
 .fini          0x01004014        0x8 c:/program files/microchip/xc32/v4.30/bin/bin/../../lib/gcc/pic32c/8.3.1/thumb/v7e-m+fp/hard/crtn.o
                0x0100401c                . = ALIGN (0x4)
                0x0100401c                __fini_array_start = .
 *(.fini_array)
 .fini_array    0x0100401c        0x4 c:/program files/microchip/xc32/v4.30/bin/bin/../../lib/gcc/pic32c/8.3.1/thumb/v7e-m+fp/hard/crtbegin.o
 *(SORT_BY_NAME(.fini_array.*))
                0x01004020                __fini_array_end = .
 *crtbegin.o(.dtors)
 *(EXCLUDE_FILE(*crtend.o) .dtors)
 *(SORT_BY_NAME(.dtors.*))
 *crtend.o(.dtors)
                0x01004020                . = ALIGN (0x4)
                0x01004020                _efixed = .
                [!provide]                PROVIDE (__exidx_start = .)

.ARM.exidx      0x01004020        0x8
 *(.ARM.exidx* .gnu.linkonce.armexidx.*)
 .ARM.exidx     0x01004020        0x8 c:/program files/microchip/xc32/v4.30/bin/bin/../../lib/gcc/pic32c/8.3.1/thumb/v7e-m+fp/hard\libgcc.a(_udivmoddi4.o)
                [!provide]                PROVIDE (__exidx_end = .)
                0x01004028                . = ALIGN (0x4)
                0x01004028                _etext = .

.bss            0x20000000      0x164
                0x20000000                . = ALIGN (0x4)
                0x20000000                __bss_start__ = .
                0x20000000                _sbss = .
                0x20000000                _szero = .
 *(COMMON)
 COMMON         0x20000000       0xc8 build/default/production/_ext/297566330/app_p2p_phy.o
                0x20000000                dataModeTimerStartFlag
                0x20000008                appNwkParam
                0x20000078                deviceTable
 COMMON         0x200000c8       0x23 build/default/production/_ext/767817240/app_phy_cmd_processor.o
                0x200000c8                sysTimerFlag
                0x200000e4                modeSwitchFlag
 *fill*         0x200000eb        0x1 
 COMMON         0x200000ec       0x50 build/default/production/_ext/1171490990/initialization.o
                0x200000ec                semPhyInternalHandler
                0x200000f0                sysObj
                0x200000f8                osalAPIList
 COMMON         0x2000013c        0xc build/default/production/_ext/1171490990/tasks.o
                0x2000013c                xPHY_Tasks
                0x20000140                xAPP_Tasks
                0x20000144                xSYS_CMD_Tasks
 COMMON         0x20000148        0x8 build/default/production/_ext/1360937237/app.o
                0x20000148                appData
 COMMON         0x20000150       0x11 ..\src\config\default\driver\device_support\pic32cx_bz2_device_support.a(rf_system.o)
                0x20000150                g_validFactoryCalTemp
                0x20000152                g_lastTemperatureDegreeC
                0x20000154                g_vrefComp
                0x20000158                g_lastCalTime
                0x2000015c                g_currentTime
                0x20000160                g_needCal
                0x20000164                . = ALIGN (0x4)
 *fill*         0x20000161        0x3 
                0x20000164                __bss_end__ = .
                0x20000164                _ebss = .
                0x20000164                _ezero = .
                0x20000164                . = ALIGN (0x4)
                0x20000164                _end = .
                0x2001ffff                _ram_end_ = ((ORIGIN (ram) + LENGTH (ram)) - 0x1)
                0x00000400                _min_heap_size = 0x400
START GROUP
LOAD c:/program files/microchip/xc32/v4.30/bin/bin/../../lib/gcc/pic32c/8.3.1/../../../../pic32c/lib/thumb/v7e-m+fp/hard\libpic32c.a
LOAD c:/program files/microchip/xc32/v4.30/bin/bin/../../lib/gcc/pic32c/8.3.1/../../../../pic32c/lib/thumb/v7e-m+fp/hard\libm-fast-emfloat.a
LOAD c:/program files/microchip/xc32/v4.30/bin/bin/../../lib/gcc/pic32c/8.3.1/../../../../pic32c/lib/thumb/v7e-m+fp/hard\libc-musl.a
LOAD c:/program files/microchip/xc32/v4.30/bin/bin/../../lib/gcc/pic32c/8.3.1/../../../../pic32c/lib/thumb/v7e-m+fp/hard\libm-fast-emfloat.a
LOAD c:/program files/microchip/xc32/v4.30/bin/bin/../../lib/gcc/pic32c/8.3.1/thumb/v7e-m+fp/hard\libgcc.a
END GROUP
LOAD c:/program files/microchip/xc32/v4.30/bin/bin/../../lib/gcc/pic32c/8.3.1/thumb/v7e-m+fp/hard/crtend.o
LOAD c:/program files/microchip/xc32/v4.30/bin/bin/../../lib/gcc/pic32c/8.3.1/thumb/v7e-m+fp/hard/crtn.o
OUTPUT(dist/default/production/Curiosity_Test_Transmitter.X.production.elf elf32-littlearm)
LOAD data_init
LOAD stack

.ARM.attributes
                0x00000000       0x32
 .ARM.attributes
                0x00000000       0x1e c:/program files/microchip/xc32/v4.30/bin/bin/../../lib/gcc/pic32c/8.3.1/thumb/v7e-m+fp/hard/crti.o
 .ARM.attributes
                0x0000001e       0x34 c:/program files/microchip/xc32/v4.30/bin/bin/../../lib/gcc/pic32c/8.3.1/thumb/v7e-m+fp/hard/crtbegin.o
 .ARM.attributes
                0x00000052       0x34 build/default/production/_ext/297566330/app_p2p_phy.o
 .ARM.attributes
                0x00000086       0x34 build/default/production/_ext/767817240/app_phy_cmd_processor.o
 .ARM.attributes
                0x000000ba       0x34 build/default/production/_ext/1529399856/osal_freertos.o
 .ARM.attributes
                0x000000ee       0x34 build/default/production/_ext/1529399856/osal_freertos_extend.o
 .ARM.attributes
                0x00000122       0x34 build/default/production/_ext/60165520/plib_clk.o
 .ARM.attributes
                0x00000156       0x34 build/default/production/_ext/1986646378/plib_evsys.o
 .ARM.attributes
                0x0000018a       0x34 build/default/production/_ext/1865254177/plib_gpio.o
 .ARM.attributes
                0x000001be       0x34 build/default/production/_ext/1865468468/plib_nvic.o
 .ARM.attributes
                0x000001f2       0x34 build/default/production/_ext/504274921/plib_sercom0_usart.o
 .ARM.attributes
                0x00000226       0x34 build/default/production/_ext/829342655/plib_tc0.o
 .ARM.attributes
                0x0000025a       0x34 build/default/production/_ext/1376093119/sys_command.o
 .ARM.attributes
                0x0000028e       0x34 build/default/production/_ext/1832805299/sys_console.o
 .ARM.attributes
                0x000002c2       0x34 build/default/production/_ext/1832805299/sys_console_uart.o
 .ARM.attributes
                0x000002f6       0x34 build/default/production/_ext/1881668453/sys_int.o
 .ARM.attributes
                0x0000032a       0x34 build/default/production/_ext/1000052432/sys_reset.o
 .ARM.attributes
                0x0000035e       0x34 build/default/production/_ext/101884895/sys_time.o
 .ARM.attributes
                0x00000392       0x34 build/default/production/_ext/1171490990/exceptions.o
 .ARM.attributes
                0x000003c6       0x34 build/default/production/_ext/1171490990/startup_xc32.o
 .ARM.attributes
                0x000003fa       0x34 build/default/production/_ext/1171490990/initialization.o
 .ARM.attributes
                0x0000042e       0x34 build/default/production/_ext/1171490990/interrupts.o
 .ARM.attributes
                0x00000462       0x34 build/default/production/_ext/1171490990/tasks.o
 .ARM.attributes
                0x00000496       0x34 build/default/production/_ext/1171490990/freertos_hooks.o
 .ARM.attributes
                0x000004ca       0x34 build/default/production/_ext/246609638/port.o
 .ARM.attributes
                0x000004fe       0x34 build/default/production/_ext/1665200909/heap_4.o
 .ARM.attributes
                0x00000532       0x34 build/default/production/_ext/404212886/queue.o
 .ARM.attributes
                0x00000566       0x34 build/default/production/_ext/404212886/list.o
 .ARM.attributes
                0x0000059a       0x34 build/default/production/_ext/404212886/FreeRTOS_tasks.o
 .ARM.attributes
                0x000005ce       0x34 build/default/production/_ext/1360937237/main.o
 .ARM.attributes
                0x00000602       0x34 build/default/production/_ext/1360937237/app_idle_task.o
 .ARM.attributes
                0x00000636       0x34 build/default/production/_ext/1360937237/app.o
 .ARM.attributes
                0x0000066a       0x34 build/default/production/_ext/1360937237/transmit.o
 .ARM.attributes
                0x0000069e       0x34 build/default/production/_ext/957911548/phy_rx_frame_cb.o
 .ARM.attributes
                0x000006d2       0x34 build/default/production/_ext/957911548/phy_task.o
 .ARM.attributes
                0x00000706       0x34 build/default/production/_ext/957911548/phy_ed_end_cb.o
 .ARM.attributes
                0x0000073a       0x34 build/default/production/_ext/1374435801/bmm.o
 .ARM.attributes
                0x0000076e       0x34 build/default/production/_ext/874725666/qmm.o
 .ARM.attributes
                0x000007a2       0x34 build/default/production/_ext/745501718/pal.o
 .ARM.attributes
                0x000007d6       0x34 build/default/production/_ext/60176403/plib_nvm.o
 .ARM.attributes
                0x0000080a       0x34 build/default/production/_ext/1865643529/plib_trng.o
 .ARM.attributes
                0x0000083e       0x34 ..\src\config\default\driver\device_support\pic32cx_bz2_device_support.a(info_block.o)
 .ARM.attributes
                0x00000872       0x34 ..\src\config\default\driver\device_support\pic32cx_bz2_device_support.a(rf_system.o)
 .ARM.attributes
                0x000008a6       0x34 ..\src\config\default\driver\device_support\pic32cx_bz2_device_support.a(info_block_plat.o)
 .ARM.attributes
                0x000008da       0x34 ..\src\config\default\driver\device_support\pic32cx_bz2_device_support.a(pmu_dvr.o)
 .ARM.attributes
                0x0000090e       0x34 ..\src\config\default\driver\device_support\pic32cx_bz2_device_support.a(rf.o)
 .ARM.attributes
                0x00000942       0x34 ..\src\config\default\driver\lib\lib-ieee802154_phy_pic32cxbz-v1.1.0.a(phy.o)
 .ARM.attributes
                0x00000976       0x34 ..\src\config\default\driver\lib\lib-ieee802154_phy_pic32cxbz-v1.1.0.a(phy_ed.o)
 .ARM.attributes
                0x000009aa       0x34 ..\src\config\default\driver\lib\lib-ieee802154_phy_pic32cxbz-v1.1.0.a(phy_helper.o)
 .ARM.attributes
                0x000009de       0x34 ..\src\config\default\driver\lib\lib-ieee802154_phy_pic32cxbz-v1.1.0.a(phy_init.o)
 .ARM.attributes
                0x00000a12       0x34 ..\src\config\default\driver\lib\lib-ieee802154_phy_pic32cxbz-v1.1.0.a(phy_irq_handler.o)
 .ARM.attributes
                0x00000a46       0x34 ..\src\config\default\driver\lib\lib-ieee802154_phy_pic32cxbz-v1.1.0.a(phy_pib.o)
 .ARM.attributes
                0x00000a7a       0x34 ..\src\config\default\driver\lib\lib-ieee802154_phy_pic32cxbz-v1.1.0.a(phy_pwr_mgmt.o)
 .ARM.attributes
                0x00000aae       0x34 ..\src\config\default\driver\lib\lib-ieee802154_phy_pic32cxbz-v1.1.0.a(phy_rx.o)
 .ARM.attributes
                0x00000ae2       0x34 ..\src\config\default\driver\lib\lib-ieee802154_phy_pic32cxbz-v1.1.0.a(phy_rx_enable.o)
 .ARM.attributes
                0x00000b16       0x34 ..\src\config\default\driver\lib\lib-ieee802154_phy_pic32cxbz-v1.1.0.a(phy_tx.o)
 .ARM.attributes
                0x00000b4a       0x34 ..\src\config\default\driver\lib\lib-ieee802154_phy_pic32cxbz-v1.1.0.a(tfa.o)
 .ARM.attributes
                0x00000b7e       0x34 ..\src\config\default\driver\pds\pds.a(wlPdsInit.o)
 .ARM.attributes
                0x00000bb2       0x34 ..\src\config\default\driver\pds\pds.a(D_Nv.o)
 .ARM.attributes
                0x00000be6       0x34 ..\src\config\default\driver\pds\pds.a(S_Nv-Chimera.o)
 .ARM.attributes
                0x00000c1a       0x34 ..\src\config\default\driver\pds\pds.a(wlPdsDataServer.o)
 .ARM.attributes
                0x00000c4e       0x34 c:/program files/microchip/xc32/v4.30/bin/bin/../../lib/gcc/pic32c/8.3.1/../../../../pic32c/lib/thumb/v7e-m+fp/hard\libpic32c.a(data_init.o)
 .ARM.attributes
                0x00000c82       0x34 c:/program files/microchip/xc32/v4.30/bin/bin/../../lib/gcc/pic32c/8.3.1/../../../../pic32c/lib/thumb/v7e-m+fp/hard\libm-fast-emfloat.a(round.o)
 .ARM.attributes
                0x00000cb6       0x34 c:/program files/microchip/xc32/v4.30/bin/bin/../../lib/gcc/pic32c/8.3.1/../../../../pic32c/lib/thumb/v7e-m+fp/hard\libm-fast-emfloat.a(pow.o)
 .ARM.attributes
                0x00000cea       0x20 c:/program files/microchip/xc32/v4.30/bin/bin/../../lib/gcc/pic32c/8.3.1/../../../../pic32c/lib/thumb/v7e-m+fp/hard\libm-fast-emfloat.a(__aeabi_dadd.o)
 .ARM.attributes
                0x00000d0a       0x20 c:/program files/microchip/xc32/v4.30/bin/bin/../../lib/gcc/pic32c/8.3.1/../../../../pic32c/lib/thumb/v7e-m+fp/hard\libm-fast-emfloat.a(__aeabi_dsub.o)
 .ARM.attributes
                0x00000d2a       0x20 c:/program files/microchip/xc32/v4.30/bin/bin/../../lib/gcc/pic32c/8.3.1/../../../../pic32c/lib/thumb/v7e-m+fp/hard\libm-fast-emfloat.a(__aeabi_dmul.o)
 .ARM.attributes
                0x00000d4a       0x20 c:/program files/microchip/xc32/v4.30/bin/bin/../../lib/gcc/pic32c/8.3.1/../../../../pic32c/lib/thumb/v7e-m+fp/hard\libm-fast-emfloat.a(__aeabi_ddiv.o)
 .ARM.attributes
                0x00000d6a       0x20 c:/program files/microchip/xc32/v4.30/bin/bin/../../lib/gcc/pic32c/8.3.1/../../../../pic32c/lib/thumb/v7e-m+fp/hard\libm-fast-emfloat.a(__aeabi_dcmpeq.o)
 .ARM.attributes
                0x00000d8a       0x20 c:/program files/microchip/xc32/v4.30/bin/bin/../../lib/gcc/pic32c/8.3.1/../../../../pic32c/lib/thumb/v7e-m+fp/hard\libm-fast-emfloat.a(__aeabi_dcmplt.o)
 .ARM.attributes
                0x00000daa       0x20 c:/program files/microchip/xc32/v4.30/bin/bin/../../lib/gcc/pic32c/8.3.1/../../../../pic32c/lib/thumb/v7e-m+fp/hard\libm-fast-emfloat.a(__aeabi_d2iz.o)
 .ARM.attributes
                0x00000dca       0x20 c:/program files/microchip/xc32/v4.30/bin/bin/../../lib/gcc/pic32c/8.3.1/../../../../pic32c/lib/thumb/v7e-m+fp/hard\libm-fast-emfloat.a(__aeabi_d2uiz.o)
 .ARM.attributes
                0x00000dea       0x20 c:/program files/microchip/xc32/v4.30/bin/bin/../../lib/gcc/pic32c/8.3.1/../../../../pic32c/lib/thumb/v7e-m+fp/hard\libm-fast-emfloat.a(__aeabi_i2d.o)
 .ARM.attributes
                0x00000e0a       0x20 c:/program files/microchip/xc32/v4.30/bin/bin/../../lib/gcc/pic32c/8.3.1/../../../../pic32c/lib/thumb/v7e-m+fp/hard\libm-fast-emfloat.a(__aeabi_ul2d.o)
 .ARM.attributes
                0x00000e2a       0x20 c:/program files/microchip/xc32/v4.30/bin/bin/../../lib/gcc/pic32c/8.3.1/../../../../pic32c/lib/thumb/v7e-m+fp/hard\libm-fast-emfloat.a(__aeabi_f2d.o)
 .ARM.attributes
                0x00000e4a       0x20 c:/program files/microchip/xc32/v4.30/bin/bin/../../lib/gcc/pic32c/8.3.1/../../../../pic32c/lib/thumb/v7e-m+fp/hard\libm-fast-emfloat.a(__aeabi_d2f.o)
 .ARM.attributes
                0x00000e6a       0x34 c:/program files/microchip/xc32/v4.30/bin/bin/../../lib/gcc/pic32c/8.3.1/../../../../pic32c/lib/thumb/v7e-m+fp/hard\libm-fast-emfloat.a(log.o)
 .ARM.attributes
                0x00000e9e       0x34 c:/program files/microchip/xc32/v4.30/bin/bin/../../lib/gcc/pic32c/8.3.1/../../../../pic32c/lib/thumb/v7e-m+fp/hard\libm-fast-emfloat.a(exp.o)
 .ARM.attributes
                0x00000ed2       0x34 c:/program files/microchip/xc32/v4.30/bin/bin/../../lib/gcc/pic32c/8.3.1/../../../../pic32c/lib/thumb/v7e-m+fp/hard\libm-fast-emfloat.a(__SEGGER_RTL_float64_Log.o)
 .ARM.attributes
                0x00000f06       0x34 c:/program files/microchip/xc32/v4.30/bin/bin/../../lib/gcc/pic32c/8.3.1/../../../../pic32c/lib/thumb/v7e-m+fp/hard\libm-fast-emfloat.a(__SEGGER_RTL_float64_PolyEvalP.o)
 .ARM.attributes
                0x00000f3a       0x34 c:/program files/microchip/xc32/v4.30/bin/bin/../../lib/gcc/pic32c/8.3.1/../../../../pic32c/lib/thumb/v7e-m+fp/hard\libm-fast-emfloat.a(__SEGGER_RTL_float64_PolyEvalQ.o)
 .ARM.attributes
                0x00000f6e       0x34 c:/program files/microchip/xc32/v4.30/bin/bin/../../lib/gcc/pic32c/8.3.1/../../../../pic32c/lib/thumb/v7e-m+fp/hard\libm-fast-emfloat.a(ldexp.o)
 .ARM.attributes
                0x00000fa2       0x34 c:/program files/microchip/xc32/v4.30/bin/bin/../../lib/gcc/pic32c/8.3.1/../../../../pic32c/lib/thumb/v7e-m+fp/hard\libm-fast-emfloat.a(frexp.o)
 .ARM.attributes
                0x00000fd6       0x36 c:/program files/microchip/xc32/v4.30/bin/bin/../../lib/gcc/pic32c/8.3.1/../../../../pic32c/lib/thumb/v7e-m+fp/hard\libc-musl.a(__libc_start_main.o)
 .ARM.attributes
                0x0000100c       0x34 c:/program files/microchip/xc32/v4.30/bin/bin/../../lib/gcc/pic32c/8.3.1/../../../../pic32c/lib/thumb/v7e-m+fp/hard\libc-musl.a(__errno_location.o)
 .ARM.attributes
                0x00001040       0x34 c:/program files/microchip/xc32/v4.30/bin/bin/../../lib/gcc/pic32c/8.3.1/../../../../pic32c/lib/thumb/v7e-m+fp/hard\libc-musl.a(libc.o)
 .ARM.attributes
                0x00001074       0x36 c:/program files/microchip/xc32/v4.30/bin/bin/../../lib/gcc/pic32c/8.3.1/../../../../pic32c/lib/thumb/v7e-m+fp/hard\libc-musl.a(malloc.o)
 .ARM.attributes
                0x000010aa       0x36 c:/program files/microchip/xc32/v4.30/bin/bin/../../lib/gcc/pic32c/8.3.1/../../../../pic32c/lib/thumb/v7e-m+fp/hard\libc-musl.a(rand.o)
 .ARM.attributes
                0x000010e0       0x36 c:/program files/microchip/xc32/v4.30/bin/bin/../../lib/gcc/pic32c/8.3.1/../../../../pic32c/lib/thumb/v7e-m+fp/hard\libc-musl.a(vsnprintf.o)
 .ARM.attributes
                0x00001116       0x36 c:/program files/microchip/xc32/v4.30/bin/bin/../../lib/gcc/pic32c/8.3.1/../../../../pic32c/lib/thumb/v7e-m+fp/hard\libc-musl.a(sprintf.o)
 .ARM.attributes
                0x0000114c       0x36 c:/program files/microchip/xc32/v4.30/bin/bin/../../lib/gcc/pic32c/8.3.1/../../../../pic32c/lib/thumb/v7e-m+fp/hard\libc-musl.a(vsprintf.o)
 .ARM.attributes
                0x00001182       0x36 c:/program files/microchip/xc32/v4.30/bin/bin/../../lib/gcc/pic32c/8.3.1/../../../../pic32c/lib/thumb/v7e-m+fp/hard\libc-musl.a(strtol.o)
 .ARM.attributes
                0x000011b8       0x36 c:/program files/microchip/xc32/v4.30/bin/bin/../../lib/gcc/pic32c/8.3.1/../../../../pic32c/lib/thumb/v7e-m+fp/hard\libc-musl.a(memcmp.o)
 .ARM.attributes
                0x000011ee       0x36 c:/program files/microchip/xc32/v4.30/bin/bin/../../lib/gcc/pic32c/8.3.1/../../../../pic32c/lib/thumb/v7e-m+fp/hard\libc-musl.a(memcpy.o)
 .ARM.attributes
                0x00001224       0x36 c:/program files/microchip/xc32/v4.30/bin/bin/../../lib/gcc/pic32c/8.3.1/../../../../pic32c/lib/thumb/v7e-m+fp/hard\libc-musl.a(memset.o)
 .ARM.attributes
                0x0000125a       0x36 c:/program files/microchip/xc32/v4.30/bin/bin/../../lib/gcc/pic32c/8.3.1/../../../../pic32c/lib/thumb/v7e-m+fp/hard\libc-musl.a(strlen.o)
 .ARM.attributes
                0x00001290       0x36 c:/program files/microchip/xc32/v4.30/bin/bin/../../lib/gcc/pic32c/8.3.1/../../../../pic32c/lib/thumb/v7e-m+fp/hard\libc-musl.a(strchr.o)
 .ARM.attributes
                0x000012c6       0x36 c:/program files/microchip/xc32/v4.30/bin/bin/../../lib/gcc/pic32c/8.3.1/../../../../pic32c/lib/thumb/v7e-m+fp/hard\libc-musl.a(strchrnul.o)
 .ARM.attributes
                0x000012fc       0x36 c:/program files/microchip/xc32/v4.30/bin/bin/../../lib/gcc/pic32c/8.3.1/../../../../pic32c/lib/thumb/v7e-m+fp/hard\libc-musl.a(strcmp.o)
 .ARM.attributes
                0x00001332       0x36 c:/program files/microchip/xc32/v4.30/bin/bin/../../lib/gcc/pic32c/8.3.1/../../../../pic32c/lib/thumb/v7e-m+fp/hard\libc-musl.a(strcpy.o)
 .ARM.attributes
                0x00001368       0x36 c:/program files/microchip/xc32/v4.30/bin/bin/../../lib/gcc/pic32c/8.3.1/../../../../pic32c/lib/thumb/v7e-m+fp/hard\libc-musl.a(strncmp.o)
 .ARM.attributes
                0x0000139e       0x36 c:/program files/microchip/xc32/v4.30/bin/bin/../../lib/gcc/pic32c/8.3.1/../../../../pic32c/lib/thumb/v7e-m+fp/hard\libc-musl.a(strncpy.o)
 .ARM.attributes
                0x000013d4       0x36 c:/program files/microchip/xc32/v4.30/bin/bin/../../lib/gcc/pic32c/8.3.1/../../../../pic32c/lib/thumb/v7e-m+fp/hard\libc-musl.a(strtok.o)
 .ARM.attributes
                0x0000140a       0x34 c:/program files/microchip/xc32/v4.30/bin/bin/../../lib/gcc/pic32c/8.3.1/../../../../pic32c/lib/thumb/v7e-m+fp/hard\libc-musl.a(__environ.o)
 .ARM.attributes
                0x0000143e       0x36 c:/program files/microchip/xc32/v4.30/bin/bin/../../lib/gcc/pic32c/8.3.1/../../../../pic32c/lib/thumb/v7e-m+fp/hard\libc-musl.a(intscan.o)
 .ARM.attributes
                0x00001474       0x36 c:/program files/microchip/xc32/v4.30/bin/bin/../../lib/gcc/pic32c/8.3.1/../../../../pic32c/lib/thumb/v7e-m+fp/hard\libc-musl.a(shgetc.o)
 .ARM.attributes
                0x000014aa       0x36 c:/program files/microchip/xc32/v4.30/bin/bin/../../lib/gcc/pic32c/8.3.1/../../../../pic32c/lib/thumb/v7e-m+fp/hard\libc-musl.a(__uflow.o)
 .ARM.attributes
                0x000014e0       0x36 c:/program files/microchip/xc32/v4.30/bin/bin/../../lib/gcc/pic32c/8.3.1/../../../../pic32c/lib/thumb/v7e-m+fp/hard\libc-musl.a(vfprintf.o)
 .ARM.attributes
                0x00001516       0x36 c:/program files/microchip/xc32/v4.30/bin/bin/../../lib/gcc/pic32c/8.3.1/../../../../pic32c/lib/thumb/v7e-m+fp/hard\libc-musl.a(stpcpy.o)
 .ARM.attributes
                0x0000154c       0x36 c:/program files/microchip/xc32/v4.30/bin/bin/../../lib/gcc/pic32c/8.3.1/../../../../pic32c/lib/thumb/v7e-m+fp/hard\libc-musl.a(stpncpy.o)
 .ARM.attributes
                0x00001582       0x36 c:/program files/microchip/xc32/v4.30/bin/bin/../../lib/gcc/pic32c/8.3.1/../../../../pic32c/lib/thumb/v7e-m+fp/hard\libc-musl.a(strcspn.o)
 .ARM.attributes
                0x000015b8       0x36 c:/program files/microchip/xc32/v4.30/bin/bin/../../lib/gcc/pic32c/8.3.1/../../../../pic32c/lib/thumb/v7e-m+fp/hard\libc-musl.a(strspn.o)
 .ARM.attributes
                0x000015ee       0x36 c:/program files/microchip/xc32/v4.30/bin/bin/../../lib/gcc/pic32c/8.3.1/../../../../pic32c/lib/thumb/v7e-m+fp/hard\libc-musl.a(__toread.o)
 .ARM.attributes
                0x00001624       0x36 c:/program files/microchip/xc32/v4.30/bin/bin/../../lib/gcc/pic32c/8.3.1/../../../../pic32c/lib/thumb/v7e-m+fp/hard\libc-musl.a(__pop_float.o)
 .ARM.attributes
                0x0000165a       0x36 c:/program files/microchip/xc32/v4.30/bin/bin/../../lib/gcc/pic32c/8.3.1/../../../../pic32c/lib/thumb/v7e-m+fp/hard\libc-musl.a(__pop_int.o)
 .ARM.attributes
                0x00001690       0x36 c:/program files/microchip/xc32/v4.30/bin/bin/../../lib/gcc/pic32c/8.3.1/../../../../pic32c/lib/thumb/v7e-m+fp/hard\libc-musl.a(__pop_ptr.o)
 .ARM.attributes
                0x000016c6       0x36 c:/program files/microchip/xc32/v4.30/bin/bin/../../lib/gcc/pic32c/8.3.1/../../../../pic32c/lib/thumb/v7e-m+fp/hard\libc-musl.a(__printf_core.o)
 .ARM.attributes
                0x000016fc       0x36 c:/program files/microchip/xc32/v4.30/bin/bin/../../lib/gcc/pic32c/8.3.1/../../../../pic32c/lib/thumb/v7e-m+fp/hard\libc-musl.a(atoi.o)
 .ARM.attributes
                0x00001732       0x36 c:/program files/microchip/xc32/v4.30/bin/bin/../../lib/gcc/pic32c/8.3.1/../../../../pic32c/lib/thumb/v7e-m+fp/hard\libc-musl.a(tolower.o)
 .ARM.attributes
                0x00001768       0x36 c:/program files/microchip/xc32/v4.30/bin/bin/../../lib/gcc/pic32c/8.3.1/../../../../pic32c/lib/thumb/v7e-m+fp/hard\libc-musl.a(__fmt_a.o)
 .ARM.attributes
                0x0000179e       0x36 c:/program files/microchip/xc32/v4.30/bin/bin/../../lib/gcc/pic32c/8.3.1/../../../../pic32c/lib/thumb/v7e-m+fp/hard\libc-musl.a(__fmt_d.o)
 .ARM.attributes
                0x000017d4       0x36 c:/program files/microchip/xc32/v4.30/bin/bin/../../lib/gcc/pic32c/8.3.1/../../../../pic32c/lib/thumb/v7e-m+fp/hard\libc-musl.a(__fmt_fp.o)
 .ARM.attributes
                0x0000180a       0x36 c:/program files/microchip/xc32/v4.30/bin/bin/../../lib/gcc/pic32c/8.3.1/../../../../pic32c/lib/thumb/v7e-m+fp/hard\libc-musl.a(__fmt_o.o)
 .ARM.attributes
                0x00001840       0x36 c:/program files/microchip/xc32/v4.30/bin/bin/../../lib/gcc/pic32c/8.3.1/../../../../pic32c/lib/thumb/v7e-m+fp/hard\libc-musl.a(__fmt_s.o)
 .ARM.attributes
                0x00001876       0x36 c:/program files/microchip/xc32/v4.30/bin/bin/../../lib/gcc/pic32c/8.3.1/../../../../pic32c/lib/thumb/v7e-m+fp/hard\libc-musl.a(__fmt_u.o)
 .ARM.attributes
                0x000018ac       0x36 c:/program files/microchip/xc32/v4.30/bin/bin/../../lib/gcc/pic32c/8.3.1/../../../../pic32c/lib/thumb/v7e-m+fp/hard\libc-musl.a(__fmt_x.o)
 .ARM.attributes
                0x000018e2       0x36 c:/program files/microchip/xc32/v4.30/bin/bin/../../lib/gcc/pic32c/8.3.1/../../../../pic32c/lib/thumb/v7e-m+fp/hard\libc-musl.a(toupper.o)
 .ARM.attributes
                0x00001918       0x36 c:/program files/microchip/xc32/v4.30/bin/bin/../../lib/gcc/pic32c/8.3.1/../../../../pic32c/lib/thumb/v7e-m+fp/hard\libc-musl.a(__cvt_u.o)
 .ARM.attributes
                0x0000194e       0x34 c:/program files/microchip/xc32/v4.30/bin/bin/../../lib/gcc/pic32c/8.3.1/../../../../pic32c/lib/thumb/v7e-m+fp/hard\libm-fast-emfloat.a(fma.o)
 .ARM.attributes
                0x00001982       0x34 c:/program files/microchip/xc32/v4.30/bin/bin/../../lib/gcc/pic32c/8.3.1/../../../../pic32c/lib/thumb/v7e-m+fp/hard\libm-fast-emfloat.a(floor.o)
 .ARM.attributes
                0x000019b6       0x20 c:/program files/microchip/xc32/v4.30/bin/bin/../../lib/gcc/pic32c/8.3.1/../../../../pic32c/lib/thumb/v7e-m+fp/hard\libm-fast-emfloat.a(__aeabi_dcmple.o)
 .ARM.attributes
                0x000019d6       0x20 c:/program files/microchip/xc32/v4.30/bin/bin/../../lib/gcc/pic32c/8.3.1/../../../../pic32c/lib/thumb/v7e-m+fp/hard\libm-fast-emfloat.a(__aeabi_dcmpgt.o)
 .ARM.attributes
                0x000019f6       0x1e c:/program files/microchip/xc32/v4.30/bin/bin/../../lib/gcc/pic32c/8.3.1/thumb/v7e-m+fp/hard\libgcc.a(_aeabi_uldivmod.o)
 .ARM.attributes
                0x00001a14       0x34 c:/program files/microchip/xc32/v4.30/bin/bin/../../lib/gcc/pic32c/8.3.1/thumb/v7e-m+fp/hard\libgcc.a(_udivmoddi4.o)
 .ARM.attributes
                0x00001a48       0x1e c:/program files/microchip/xc32/v4.30/bin/bin/../../lib/gcc/pic32c/8.3.1/thumb/v7e-m+fp/hard\libgcc.a(_dvmd_tls.o)
 .ARM.attributes
                0x00001a66       0x1e c:/program files/microchip/xc32/v4.30/bin/bin/../../lib/gcc/pic32c/8.3.1/thumb/v7e-m+fp/hard/crtn.o
 .ARM.attributes
                0x00001a84       0x34 c:/program files/microchip/xc32/v4.30/bin/bin/../../lib/gcc/pic32c/8.3.1/../../../../pic32c/lib/thumb/v7e-m+fp/hard\libpic32c.a(pic32_data_init_clear.o)
 .ARM.attributes
                0x00001ab8       0x34 c:/program files/microchip/xc32/v4.30/bin/bin/../../lib/gcc/pic32c/8.3.1/../../../../pic32c/lib/thumb/v7e-m+fp/hard\libpic32c.a(pic32_data_init_copy.o)

.comment        0x00000000       0xd4
 .comment       0x00000000       0x2b c:/program files/microchip/xc32/v4.30/bin/bin/../../lib/gcc/pic32c/8.3.1/thumb/v7e-m+fp/hard/crtbegin.o
                                 0x2c (size before relaxing)
 .comment       0x0000002b       0x2c build/default/production/_ext/297566330/app_p2p_phy.o
 .comment       0x0000002b       0x2c build/default/production/_ext/767817240/app_phy_cmd_processor.o
 .comment       0x0000002b       0x2c build/default/production/_ext/1529399856/osal_freertos.o
 .comment       0x0000002b       0x2c build/default/production/_ext/1529399856/osal_freertos_extend.o
 .comment       0x0000002b       0x2c build/default/production/_ext/60165520/plib_clk.o
 .comment       0x0000002b       0x2c build/default/production/_ext/1986646378/plib_evsys.o
 .comment       0x0000002b       0x2c build/default/production/_ext/1865254177/plib_gpio.o
 .comment       0x0000002b       0x2c build/default/production/_ext/1865468468/plib_nvic.o
 .comment       0x0000002b       0x2c build/default/production/_ext/504274921/plib_sercom0_usart.o
 .comment       0x0000002b       0x2c build/default/production/_ext/829342655/plib_tc0.o
 .comment       0x0000002b       0x2c build/default/production/_ext/1376093119/sys_command.o
 .comment       0x0000002b       0x2c build/default/production/_ext/1832805299/sys_console.o
 .comment       0x0000002b       0x2c build/default/production/_ext/1832805299/sys_console_uart.o
 .comment       0x0000002b       0x2c build/default/production/_ext/1881668453/sys_int.o
 .comment       0x0000002b       0x2c build/default/production/_ext/1000052432/sys_reset.o
 .comment       0x0000002b       0x2c build/default/production/_ext/101884895/sys_time.o
 .comment       0x0000002b       0x2c build/default/production/_ext/1171490990/exceptions.o
 .comment       0x0000002b       0x2c build/default/production/_ext/1171490990/startup_xc32.o
 .comment       0x0000002b       0x2c build/default/production/_ext/1171490990/initialization.o
 .comment       0x0000002b       0x2c build/default/production/_ext/1171490990/interrupts.o
 .comment       0x0000002b       0x2c build/default/production/_ext/1171490990/tasks.o
 .comment       0x0000002b       0x2c build/default/production/_ext/1171490990/freertos_hooks.o
 .comment       0x0000002b       0x2c build/default/production/_ext/246609638/port.o
 .comment       0x0000002b       0x2c build/default/production/_ext/1665200909/heap_4.o
 .comment       0x0000002b       0x2c build/default/production/_ext/404212886/queue.o
 .comment       0x0000002b       0x2c build/default/production/_ext/404212886/list.o
 .comment       0x0000002b       0x2c build/default/production/_ext/404212886/FreeRTOS_tasks.o
 .comment       0x0000002b       0x2c build/default/production/_ext/1360937237/main.o
 .comment       0x0000002b       0x2c build/default/production/_ext/1360937237/app_idle_task.o
 .comment       0x0000002b       0x2c build/default/production/_ext/1360937237/app.o
 .comment       0x0000002b       0x2c build/default/production/_ext/1360937237/transmit.o
 .comment       0x0000002b       0x2c build/default/production/_ext/957911548/phy_rx_frame_cb.o
 .comment       0x0000002b       0x2c build/default/production/_ext/957911548/phy_task.o
 .comment       0x0000002b       0x2c build/default/production/_ext/957911548/phy_ed_end_cb.o
 .comment       0x0000002b       0x2c build/default/production/_ext/1374435801/bmm.o
 .comment       0x0000002b       0x2c build/default/production/_ext/874725666/qmm.o
 .comment       0x0000002b       0x2c build/default/production/_ext/745501718/pal.o
 .comment       0x0000002b       0x2c build/default/production/_ext/60176403/plib_nvm.o
 .comment       0x0000002b       0x2c build/default/production/_ext/1865643529/plib_trng.o
 .comment       0x0000002b       0x2b ..\src\config\default\driver\device_support\pic32cx_bz2_device_support.a(info_block.o)
                                 0x2c (size before relaxing)
 .comment       0x00000056       0x2c ..\src\config\default\driver\device_support\pic32cx_bz2_device_support.a(rf_system.o)
 .comment       0x00000056       0x2c ..\src\config\default\driver\device_support\pic32cx_bz2_device_support.a(info_block_plat.o)
 .comment       0x00000056       0x2c ..\src\config\default\driver\device_support\pic32cx_bz2_device_support.a(pmu_dvr.o)
 .comment       0x00000056       0x2c ..\src\config\default\driver\device_support\pic32cx_bz2_device_support.a(rf.o)
 .comment       0x00000056       0x2b ..\src\config\default\driver\lib\lib-ieee802154_phy_pic32cxbz-v1.1.0.a(phy.o)
                                 0x2c (size before relaxing)
 .comment       0x00000081       0x2c ..\src\config\default\driver\lib\lib-ieee802154_phy_pic32cxbz-v1.1.0.a(phy_ed.o)
 .comment       0x00000081       0x2c ..\src\config\default\driver\lib\lib-ieee802154_phy_pic32cxbz-v1.1.0.a(phy_helper.o)
 .comment       0x00000081       0x2c ..\src\config\default\driver\lib\lib-ieee802154_phy_pic32cxbz-v1.1.0.a(phy_init.o)
 .comment       0x00000081       0x2c ..\src\config\default\driver\lib\lib-ieee802154_phy_pic32cxbz-v1.1.0.a(phy_irq_handler.o)
 .comment       0x00000081       0x2c ..\src\config\default\driver\lib\lib-ieee802154_phy_pic32cxbz-v1.1.0.a(phy_pib.o)
 .comment       0x00000081       0x2c ..\src\config\default\driver\lib\lib-ieee802154_phy_pic32cxbz-v1.1.0.a(phy_pwr_mgmt.o)
 .comment       0x00000081       0x2c ..\src\config\default\driver\lib\lib-ieee802154_phy_pic32cxbz-v1.1.0.a(phy_rx.o)
 .comment       0x00000081       0x2c ..\src\config\default\driver\lib\lib-ieee802154_phy_pic32cxbz-v1.1.0.a(phy_rx_enable.o)
 .comment       0x00000081       0x2c ..\src\config\default\driver\lib\lib-ieee802154_phy_pic32cxbz-v1.1.0.a(phy_tx.o)
 .comment       0x00000081       0x2c ..\src\config\default\driver\lib\lib-ieee802154_phy_pic32cxbz-v1.1.0.a(tfa.o)
 .comment       0x00000081       0x53 ..\src\config\default\driver\pds\pds.a(wlPdsInit.o)
                                 0x54 (size before relaxing)
 .comment       0x000000d4       0x54 ..\src\config\default\driver\pds\pds.a(D_Nv.o)
 .comment       0x000000d4       0x54 ..\src\config\default\driver\pds\pds.a(S_Nv-Chimera.o)
 .comment       0x000000d4       0x54 ..\src\config\default\driver\pds\pds.a(wlPdsDataServer.o)
 .comment       0x000000d4       0x2c c:/program files/microchip/xc32/v4.30/bin/bin/../../lib/gcc/pic32c/8.3.1/../../../../pic32c/lib/thumb/v7e-m+fp/hard\libpic32c.a(data_init.o)
 .comment       0x000000d4       0x2c c:/program files/microchip/xc32/v4.30/bin/bin/../../lib/gcc/pic32c/8.3.1/../../../../pic32c/lib/thumb/v7e-m+fp/hard\libm-fast-emfloat.a(round.o)
 .comment       0x000000d4       0x2c c:/program files/microchip/xc32/v4.30/bin/bin/../../lib/gcc/pic32c/8.3.1/../../../../pic32c/lib/thumb/v7e-m+fp/hard\libm-fast-emfloat.a(pow.o)
 .comment       0x000000d4       0x2c c:/program files/microchip/xc32/v4.30/bin/bin/../../lib/gcc/pic32c/8.3.1/../../../../pic32c/lib/thumb/v7e-m+fp/hard\libm-fast-emfloat.a(log.o)
 .comment       0x000000d4       0x2c c:/program files/microchip/xc32/v4.30/bin/bin/../../lib/gcc/pic32c/8.3.1/../../../../pic32c/lib/thumb/v7e-m+fp/hard\libm-fast-emfloat.a(exp.o)
 .comment       0x000000d4       0x2c c:/program files/microchip/xc32/v4.30/bin/bin/../../lib/gcc/pic32c/8.3.1/../../../../pic32c/lib/thumb/v7e-m+fp/hard\libm-fast-emfloat.a(__SEGGER_RTL_float64_Log.o)
 .comment       0x000000d4       0x2c c:/program files/microchip/xc32/v4.30/bin/bin/../../lib/gcc/pic32c/8.3.1/../../../../pic32c/lib/thumb/v7e-m+fp/hard\libm-fast-emfloat.a(__SEGGER_RTL_float64_PolyEvalP.o)
 .comment       0x000000d4       0x2c c:/program files/microchip/xc32/v4.30/bin/bin/../../lib/gcc/pic32c/8.3.1/../../../../pic32c/lib/thumb/v7e-m+fp/hard\libm-fast-emfloat.a(__SEGGER_RTL_float64_PolyEvalQ.o)
 .comment       0x000000d4       0x2c c:/program files/microchip/xc32/v4.30/bin/bin/../../lib/gcc/pic32c/8.3.1/../../../../pic32c/lib/thumb/v7e-m+fp/hard\libm-fast-emfloat.a(ldexp.o)
 .comment       0x000000d4       0x2c c:/program files/microchip/xc32/v4.30/bin/bin/../../lib/gcc/pic32c/8.3.1/../../../../pic32c/lib/thumb/v7e-m+fp/hard\libm-fast-emfloat.a(frexp.o)
 .comment       0x000000d4       0x2c c:/program files/microchip/xc32/v4.30/bin/bin/../../lib/gcc/pic32c/8.3.1/../../../../pic32c/lib/thumb/v7e-m+fp/hard\libc-musl.a(__libc_start_main.o)
 .comment       0x000000d4       0x2c c:/program files/microchip/xc32/v4.30/bin/bin/../../lib/gcc/pic32c/8.3.1/../../../../pic32c/lib/thumb/v7e-m+fp/hard\libc-musl.a(__errno_location.o)
 .comment       0x000000d4       0x2c c:/program files/microchip/xc32/v4.30/bin/bin/../../lib/gcc/pic32c/8.3.1/../../../../pic32c/lib/thumb/v7e-m+fp/hard\libc-musl.a(libc.o)
 .comment       0x000000d4       0x2c c:/program files/microchip/xc32/v4.30/bin/bin/../../lib/gcc/pic32c/8.3.1/../../../../pic32c/lib/thumb/v7e-m+fp/hard\libc-musl.a(malloc.o)
 .comment       0x000000d4       0x2c c:/program files/microchip/xc32/v4.30/bin/bin/../../lib/gcc/pic32c/8.3.1/../../../../pic32c/lib/thumb/v7e-m+fp/hard\libc-musl.a(rand.o)
 .comment       0x000000d4       0x2c c:/program files/microchip/xc32/v4.30/bin/bin/../../lib/gcc/pic32c/8.3.1/../../../../pic32c/lib/thumb/v7e-m+fp/hard\libc-musl.a(vsnprintf.o)
 .comment       0x000000d4       0x2c c:/program files/microchip/xc32/v4.30/bin/bin/../../lib/gcc/pic32c/8.3.1/../../../../pic32c/lib/thumb/v7e-m+fp/hard\libc-musl.a(sprintf.o)
 .comment       0x000000d4       0x2c c:/program files/microchip/xc32/v4.30/bin/bin/../../lib/gcc/pic32c/8.3.1/../../../../pic32c/lib/thumb/v7e-m+fp/hard\libc-musl.a(vsprintf.o)
 .comment       0x000000d4       0x2c c:/program files/microchip/xc32/v4.30/bin/bin/../../lib/gcc/pic32c/8.3.1/../../../../pic32c/lib/thumb/v7e-m+fp/hard\libc-musl.a(strtol.o)
 .comment       0x000000d4       0x2c c:/program files/microchip/xc32/v4.30/bin/bin/../../lib/gcc/pic32c/8.3.1/../../../../pic32c/lib/thumb/v7e-m+fp/hard\libc-musl.a(memcmp.o)
 .comment       0x000000d4       0x2c c:/program files/microchip/xc32/v4.30/bin/bin/../../lib/gcc/pic32c/8.3.1/../../../../pic32c/lib/thumb/v7e-m+fp/hard\libc-musl.a(memcpy.o)
 .comment       0x000000d4       0x2c c:/program files/microchip/xc32/v4.30/bin/bin/../../lib/gcc/pic32c/8.3.1/../../../../pic32c/lib/thumb/v7e-m+fp/hard\libc-musl.a(memset.o)
 .comment       0x000000d4       0x2c c:/program files/microchip/xc32/v4.30/bin/bin/../../lib/gcc/pic32c/8.3.1/../../../../pic32c/lib/thumb/v7e-m+fp/hard\libc-musl.a(strlen.o)
 .comment       0x000000d4       0x2c c:/program files/microchip/xc32/v4.30/bin/bin/../../lib/gcc/pic32c/8.3.1/../../../../pic32c/lib/thumb/v7e-m+fp/hard\libc-musl.a(strchr.o)
 .comment       0x000000d4       0x2c c:/program files/microchip/xc32/v4.30/bin/bin/../../lib/gcc/pic32c/8.3.1/../../../../pic32c/lib/thumb/v7e-m+fp/hard\libc-musl.a(strchrnul.o)
 .comment       0x000000d4       0x2c c:/program files/microchip/xc32/v4.30/bin/bin/../../lib/gcc/pic32c/8.3.1/../../../../pic32c/lib/thumb/v7e-m+fp/hard\libc-musl.a(strcmp.o)
 .comment       0x000000d4       0x2c c:/program files/microchip/xc32/v4.30/bin/bin/../../lib/gcc/pic32c/8.3.1/../../../../pic32c/lib/thumb/v7e-m+fp/hard\libc-musl.a(strcpy.o)
 .comment       0x000000d4       0x2c c:/program files/microchip/xc32/v4.30/bin/bin/../../lib/gcc/pic32c/8.3.1/../../../../pic32c/lib/thumb/v7e-m+fp/hard\libc-musl.a(strncmp.o)
 .comment       0x000000d4       0x2c c:/program files/microchip/xc32/v4.30/bin/bin/../../lib/gcc/pic32c/8.3.1/../../../../pic32c/lib/thumb/v7e-m+fp/hard\libc-musl.a(strncpy.o)
 .comment       0x000000d4       0x2c c:/program files/microchip/xc32/v4.30/bin/bin/../../lib/gcc/pic32c/8.3.1/../../../../pic32c/lib/thumb/v7e-m+fp/hard\libc-musl.a(strtok.o)
 .comment       0x000000d4       0x2c c:/program files/microchip/xc32/v4.30/bin/bin/../../lib/gcc/pic32c/8.3.1/../../../../pic32c/lib/thumb/v7e-m+fp/hard\libc-musl.a(__environ.o)
 .comment       0x000000d4       0x2c c:/program files/microchip/xc32/v4.30/bin/bin/../../lib/gcc/pic32c/8.3.1/../../../../pic32c/lib/thumb/v7e-m+fp/hard\libc-musl.a(intscan.o)
 .comment       0x000000d4       0x2c c:/program files/microchip/xc32/v4.30/bin/bin/../../lib/gcc/pic32c/8.3.1/../../../../pic32c/lib/thumb/v7e-m+fp/hard\libc-musl.a(shgetc.o)
 .comment       0x000000d4       0x2c c:/program files/microchip/xc32/v4.30/bin/bin/../../lib/gcc/pic32c/8.3.1/../../../../pic32c/lib/thumb/v7e-m+fp/hard\libc-musl.a(__uflow.o)
 .comment       0x000000d4       0x2c c:/program files/microchip/xc32/v4.30/bin/bin/../../lib/gcc/pic32c/8.3.1/../../../../pic32c/lib/thumb/v7e-m+fp/hard\libc-musl.a(vfprintf.o)
 .comment       0x000000d4       0x2c c:/program files/microchip/xc32/v4.30/bin/bin/../../lib/gcc/pic32c/8.3.1/../../../../pic32c/lib/thumb/v7e-m+fp/hard\libc-musl.a(stpcpy.o)
 .comment       0x000000d4       0x2c c:/program files/microchip/xc32/v4.30/bin/bin/../../lib/gcc/pic32c/8.3.1/../../../../pic32c/lib/thumb/v7e-m+fp/hard\libc-musl.a(stpncpy.o)
 .comment       0x000000d4       0x2c c:/program files/microchip/xc32/v4.30/bin/bin/../../lib/gcc/pic32c/8.3.1/../../../../pic32c/lib/thumb/v7e-m+fp/hard\libc-musl.a(strcspn.o)
 .comment       0x000000d4       0x2c c:/program files/microchip/xc32/v4.30/bin/bin/../../lib/gcc/pic32c/8.3.1/../../../../pic32c/lib/thumb/v7e-m+fp/hard\libc-musl.a(strspn.o)
 .comment       0x000000d4       0x2c c:/program files/microchip/xc32/v4.30/bin/bin/../../lib/gcc/pic32c/8.3.1/../../../../pic32c/lib/thumb/v7e-m+fp/hard\libc-musl.a(__toread.o)
 .comment       0x000000d4       0x2c c:/program files/microchip/xc32/v4.30/bin/bin/../../lib/gcc/pic32c/8.3.1/../../../../pic32c/lib/thumb/v7e-m+fp/hard\libc-musl.a(__pop_float.o)
 .comment       0x000000d4       0x2c c:/program files/microchip/xc32/v4.30/bin/bin/../../lib/gcc/pic32c/8.3.1/../../../../pic32c/lib/thumb/v7e-m+fp/hard\libc-musl.a(__pop_int.o)
 .comment       0x000000d4       0x2c c:/program files/microchip/xc32/v4.30/bin/bin/../../lib/gcc/pic32c/8.3.1/../../../../pic32c/lib/thumb/v7e-m+fp/hard\libc-musl.a(__pop_ptr.o)
 .comment       0x000000d4       0x2c c:/program files/microchip/xc32/v4.30/bin/bin/../../lib/gcc/pic32c/8.3.1/../../../../pic32c/lib/thumb/v7e-m+fp/hard\libc-musl.a(__printf_core.o)
 .comment       0x000000d4       0x2c c:/program files/microchip/xc32/v4.30/bin/bin/../../lib/gcc/pic32c/8.3.1/../../../../pic32c/lib/thumb/v7e-m+fp/hard\libc-musl.a(atoi.o)
 .comment       0x000000d4       0x2c c:/program files/microchip/xc32/v4.30/bin/bin/../../lib/gcc/pic32c/8.3.1/../../../../pic32c/lib/thumb/v7e-m+fp/hard\libc-musl.a(tolower.o)
 .comment       0x000000d4       0x2c c:/program files/microchip/xc32/v4.30/bin/bin/../../lib/gcc/pic32c/8.3.1/../../../../pic32c/lib/thumb/v7e-m+fp/hard\libc-musl.a(__fmt_a.o)
 .comment       0x000000d4       0x2c c:/program files/microchip/xc32/v4.30/bin/bin/../../lib/gcc/pic32c/8.3.1/../../../../pic32c/lib/thumb/v7e-m+fp/hard\libc-musl.a(__fmt_d.o)
 .comment       0x000000d4       0x2c c:/program files/microchip/xc32/v4.30/bin/bin/../../lib/gcc/pic32c/8.3.1/../../../../pic32c/lib/thumb/v7e-m+fp/hard\libc-musl.a(__fmt_fp.o)
 .comment       0x000000d4       0x2c c:/program files/microchip/xc32/v4.30/bin/bin/../../lib/gcc/pic32c/8.3.1/../../../../pic32c/lib/thumb/v7e-m+fp/hard\libc-musl.a(__fmt_o.o)
 .comment       0x000000d4       0x2c c:/program files/microchip/xc32/v4.30/bin/bin/../../lib/gcc/pic32c/8.3.1/../../../../pic32c/lib/thumb/v7e-m+fp/hard\libc-musl.a(__fmt_s.o)
 .comment       0x000000d4       0x2c c:/program files/microchip/xc32/v4.30/bin/bin/../../lib/gcc/pic32c/8.3.1/../../../../pic32c/lib/thumb/v7e-m+fp/hard\libc-musl.a(__fmt_u.o)
 .comment       0x000000d4       0x2c c:/program files/microchip/xc32/v4.30/bin/bin/../../lib/gcc/pic32c/8.3.1/../../../../pic32c/lib/thumb/v7e-m+fp/hard\libc-musl.a(__fmt_x.o)
 .comment       0x000000d4       0x2c c:/program files/microchip/xc32/v4.30/bin/bin/../../lib/gcc/pic32c/8.3.1/../../../../pic32c/lib/thumb/v7e-m+fp/hard\libc-musl.a(toupper.o)
 .comment       0x000000d4       0x2c c:/program files/microchip/xc32/v4.30/bin/bin/../../lib/gcc/pic32c/8.3.1/../../../../pic32c/lib/thumb/v7e-m+fp/hard\libc-musl.a(__cvt_u.o)
 .comment       0x000000d4       0x2c c:/program files/microchip/xc32/v4.30/bin/bin/../../lib/gcc/pic32c/8.3.1/../../../../pic32c/lib/thumb/v7e-m+fp/hard\libm-fast-emfloat.a(fma.o)
 .comment       0x000000d4       0x2c c:/program files/microchip/xc32/v4.30/bin/bin/../../lib/gcc/pic32c/8.3.1/../../../../pic32c/lib/thumb/v7e-m+fp/hard\libm-fast-emfloat.a(floor.o)
 .comment       0x000000d4       0x2c c:/program files/microchip/xc32/v4.30/bin/bin/../../lib/gcc/pic32c/8.3.1/thumb/v7e-m+fp/hard\libgcc.a(_udivmoddi4.o)
 .comment       0x000000d4       0x2c c:/program files/microchip/xc32/v4.30/bin/bin/../../lib/gcc/pic32c/8.3.1/../../../../pic32c/lib/thumb/v7e-m+fp/hard\libpic32c.a(pic32_data_init_clear.o)
 .comment       0x000000d4       0x2c c:/program files/microchip/xc32/v4.30/bin/bin/../../lib/gcc/pic32c/8.3.1/../../../../pic32c/lib/thumb/v7e-m+fp/hard\libpic32c.a(pic32_data_init_copy.o)

.debug_info     0x00000000    0x69951
 .debug_info    0x00000000     0x37a3 build/default/production/_ext/297566330/app_p2p_phy.o
 .debug_info    0x000037a3     0x6cd7 build/default/production/_ext/767817240/app_phy_cmd_processor.o
 .debug_info    0x0000a47a      0xb4b build/default/production/_ext/1529399856/osal_freertos.o
 .debug_info    0x0000afc5      0x90b build/default/production/_ext/1529399856/osal_freertos_extend.o
 .debug_info    0x0000b8d0     0x1410 build/default/production/_ext/60165520/plib_clk.o
 .debug_info    0x0000cce0      0x30a build/default/production/_ext/1986646378/plib_evsys.o
 .debug_info    0x0000cfea     0x116b build/default/production/_ext/1865254177/plib_gpio.o
 .debug_info    0x0000e155      0xead build/default/production/_ext/1865468468/plib_nvic.o
 .debug_info    0x0000f002     0x2384 build/default/production/_ext/504274921/plib_sercom0_usart.o
 .debug_info    0x00011386      0xc8a build/default/production/_ext/829342655/plib_tc0.o
 .debug_info    0x00012010     0x2aab build/default/production/_ext/1376093119/sys_command.o
 .debug_info    0x00014abb     0x140c build/default/production/_ext/1832805299/sys_console.o
 .debug_info    0x00015ec7     0x14d3 build/default/production/_ext/1832805299/sys_console_uart.o
 .debug_info    0x0001739a      0xb2c build/default/production/_ext/1881668453/sys_int.o
 .debug_info    0x00017ec6      0x598 build/default/production/_ext/1000052432/sys_reset.o
 .debug_info    0x0001845e     0x2bdc build/default/production/_ext/101884895/sys_time.o
 .debug_info    0x0001b03a      0x3cc build/default/production/_ext/1171490990/exceptions.o
 .debug_info    0x0001b406      0x889 build/default/production/_ext/1171490990/startup_xc32.o
 .debug_info    0x0001bc8f     0x1d92 build/default/production/_ext/1171490990/initialization.o
 .debug_info    0x0001da21      0xa2d build/default/production/_ext/1171490990/interrupts.o
 .debug_info    0x0001e44e      0x5c2 build/default/production/_ext/1171490990/tasks.o
 .debug_info    0x0001ea10      0x542 build/default/production/_ext/1171490990/freertos_hooks.o
 .debug_info    0x0001ef52      0x7ca build/default/production/_ext/246609638/port.o
 .debug_info    0x0001f71c      0xab9 build/default/production/_ext/1665200909/heap_4.o
 .debug_info    0x000201d5     0x2955 build/default/production/_ext/404212886/queue.o
 .debug_info    0x00022b2a      0x626 build/default/production/_ext/404212886/list.o
 .debug_info    0x00023150     0x35f6 build/default/production/_ext/404212886/FreeRTOS_tasks.o
 .debug_info    0x00026746      0x33a build/default/production/_ext/1360937237/main.o
 .debug_info    0x00026a80      0x2f3 build/default/production/_ext/1360937237/app_idle_task.o
 .debug_info    0x00026d73      0x5ae build/default/production/_ext/1360937237/app.o
 .debug_info    0x00027321      0xced build/default/production/_ext/1360937237/transmit.o
 .debug_info    0x0002800e      0x520 build/default/production/_ext/957911548/phy_rx_frame_cb.o
 .debug_info    0x0002852e      0x523 build/default/production/_ext/957911548/phy_task.o
 .debug_info    0x00028a51      0x335 build/default/production/_ext/957911548/phy_ed_end_cb.o
 .debug_info    0x00028d86      0x74e build/default/production/_ext/1374435801/bmm.o
 .debug_info    0x000294d4      0x832 build/default/production/_ext/874725666/qmm.o
 .debug_info    0x00029d06      0xeb5 build/default/production/_ext/745501718/pal.o
 .debug_info    0x0002abbb     0x14ce build/default/production/_ext/60176403/plib_nvm.o
 .debug_info    0x0002c089      0x488 build/default/production/_ext/1865643529/plib_trng.o
 .debug_info    0x0002c511     0x122e ..\src\config\default\driver\device_support\pic32cx_bz2_device_support.a(info_block.o)
 .debug_info    0x0002d73f     0x5eeb ..\src\config\default\driver\device_support\pic32cx_bz2_device_support.a(rf_system.o)
 .debug_info    0x0003362a      0xf4c ..\src\config\default\driver\device_support\pic32cx_bz2_device_support.a(info_block_plat.o)
 .debug_info    0x00034576      0x614 ..\src\config\default\driver\device_support\pic32cx_bz2_device_support.a(pmu_dvr.o)
 .debug_info    0x00034b8a     0x45a7 ..\src\config\default\driver\device_support\pic32cx_bz2_device_support.a(rf.o)
 .debug_info    0x00039131     0x1d20 ..\src\config\default\driver\lib\lib-ieee802154_phy_pic32cxbz-v1.1.0.a(phy.o)
 .debug_info    0x0003ae51     0x1934 ..\src\config\default\driver\lib\lib-ieee802154_phy_pic32cxbz-v1.1.0.a(phy_ed.o)
 .debug_info    0x0003c785     0x2551 ..\src\config\default\driver\lib\lib-ieee802154_phy_pic32cxbz-v1.1.0.a(phy_helper.o)
 .debug_info    0x0003ecd6     0x2ef9 ..\src\config\default\driver\lib\lib-ieee802154_phy_pic32cxbz-v1.1.0.a(phy_init.o)
 .debug_info    0x00041bcf     0x1abb ..\src\config\default\driver\lib\lib-ieee802154_phy_pic32cxbz-v1.1.0.a(phy_irq_handler.o)
 .debug_info    0x0004368a     0x2e9a ..\src\config\default\driver\lib\lib-ieee802154_phy_pic32cxbz-v1.1.0.a(phy_pib.o)
 .debug_info    0x00046524     0x67be ..\src\config\default\driver\lib\lib-ieee802154_phy_pic32cxbz-v1.1.0.a(phy_pwr_mgmt.o)
 .debug_info    0x0004cce2     0x23e1 ..\src\config\default\driver\lib\lib-ieee802154_phy_pic32cxbz-v1.1.0.a(phy_rx.o)
 .debug_info    0x0004f0c3      0xed1 ..\src\config\default\driver\lib\lib-ieee802154_phy_pic32cxbz-v1.1.0.a(phy_rx_enable.o)
 .debug_info    0x0004ff94     0x2824 ..\src\config\default\driver\lib\lib-ieee802154_phy_pic32cxbz-v1.1.0.a(phy_tx.o)
 .debug_info    0x000527b8     0x2562 ..\src\config\default\driver\lib\lib-ieee802154_phy_pic32cxbz-v1.1.0.a(tfa.o)
 .debug_info    0x00054d1a      0x803 ..\src\config\default\driver\pds\pds.a(wlPdsInit.o)
 .debug_info    0x0005551d      0xbf6 ..\src\config\default\driver\pds\pds.a(D_Nv.o)
 .debug_info    0x00056113     0x2b2f ..\src\config\default\driver\pds\pds.a(S_Nv-Chimera.o)
 .debug_info    0x00058c42     0x1ccb ..\src\config\default\driver\pds\pds.a(wlPdsDataServer.o)
 .debug_info    0x0005a90d      0x2bd c:/program files/microchip/xc32/v4.30/bin/bin/../../lib/gcc/pic32c/8.3.1/../../../../pic32c/lib/thumb/v7e-m+fp/hard\libpic32c.a(data_init.o)
 .debug_info    0x0005abca      0x621 c:/program files/microchip/xc32/v4.30/bin/bin/../../lib/gcc/pic32c/8.3.1/../../../../pic32c/lib/thumb/v7e-m+fp/hard\libc-musl.a(__libc_start_main.o)
 .debug_info    0x0005b1eb      0x271 c:/program files/microchip/xc32/v4.30/bin/bin/../../lib/gcc/pic32c/8.3.1/../../../../pic32c/lib/thumb/v7e-m+fp/hard\libc-musl.a(__errno_location.o)
 .debug_info    0x0005b45c      0x533 c:/program files/microchip/xc32/v4.30/bin/bin/../../lib/gcc/pic32c/8.3.1/../../../../pic32c/lib/thumb/v7e-m+fp/hard\libc-musl.a(libc.o)
 .debug_info    0x0005b98f     0x13a3 c:/program files/microchip/xc32/v4.30/bin/bin/../../lib/gcc/pic32c/8.3.1/../../../../pic32c/lib/thumb/v7e-m+fp/hard\libc-musl.a(malloc.o)
 .debug_info    0x0005cd32      0x32a c:/program files/microchip/xc32/v4.30/bin/bin/../../lib/gcc/pic32c/8.3.1/../../../../pic32c/lib/thumb/v7e-m+fp/hard\libc-musl.a(rand.o)
 .debug_info    0x0005d05c      0x6ff c:/program files/microchip/xc32/v4.30/bin/bin/../../lib/gcc/pic32c/8.3.1/../../../../pic32c/lib/thumb/v7e-m+fp/hard\libc-musl.a(vsnprintf.o)
 .debug_info    0x0005d75b      0x31b c:/program files/microchip/xc32/v4.30/bin/bin/../../lib/gcc/pic32c/8.3.1/../../../../pic32c/lib/thumb/v7e-m+fp/hard\libc-musl.a(sprintf.o)
 .debug_info    0x0005da76      0x315 c:/program files/microchip/xc32/v4.30/bin/bin/../../lib/gcc/pic32c/8.3.1/../../../../pic32c/lib/thumb/v7e-m+fp/hard\libc-musl.a(vsprintf.o)
 .debug_info    0x0005dd8b      0x9f1 c:/program files/microchip/xc32/v4.30/bin/bin/../../lib/gcc/pic32c/8.3.1/../../../../pic32c/lib/thumb/v7e-m+fp/hard\libc-musl.a(strtol.o)
 .debug_info    0x0005e77c      0x2e0 c:/program files/microchip/xc32/v4.30/bin/bin/../../lib/gcc/pic32c/8.3.1/../../../../pic32c/lib/thumb/v7e-m+fp/hard\libc-musl.a(memcmp.o)
 .debug_info    0x0005ea5c      0x2ef c:/program files/microchip/xc32/v4.30/bin/bin/../../lib/gcc/pic32c/8.3.1/../../../../pic32c/lib/thumb/v7e-m+fp/hard\libc-musl.a(memcpy.o)
 .debug_info    0x0005ed4b      0x2b3 c:/program files/microchip/xc32/v4.30/bin/bin/../../lib/gcc/pic32c/8.3.1/../../../../pic32c/lib/thumb/v7e-m+fp/hard\libc-musl.a(memset.o)
 .debug_info    0x0005effe      0x2a4 c:/program files/microchip/xc32/v4.30/bin/bin/../../lib/gcc/pic32c/8.3.1/../../../../pic32c/lib/thumb/v7e-m+fp/hard\libc-musl.a(strlen.o)
 .debug_info    0x0005f2a2      0x2c6 c:/program files/microchip/xc32/v4.30/bin/bin/../../lib/gcc/pic32c/8.3.1/../../../../pic32c/lib/thumb/v7e-m+fp/hard\libc-musl.a(strchr.o)
 .debug_info    0x0005f568      0x38e c:/program files/microchip/xc32/v4.30/bin/bin/../../lib/gcc/pic32c/8.3.1/../../../../pic32c/lib/thumb/v7e-m+fp/hard\libc-musl.a(strchrnul.o)
 .debug_info    0x0005f8f6      0x289 c:/program files/microchip/xc32/v4.30/bin/bin/../../lib/gcc/pic32c/8.3.1/../../../../pic32c/lib/thumb/v7e-m+fp/hard\libc-musl.a(strcmp.o)
 .debug_info    0x0005fb7f      0x2b2 c:/program files/microchip/xc32/v4.30/bin/bin/../../lib/gcc/pic32c/8.3.1/../../../../pic32c/lib/thumb/v7e-m+fp/hard\libc-musl.a(strcpy.o)
 .debug_info    0x0005fe31      0x2ee c:/program files/microchip/xc32/v4.30/bin/bin/../../lib/gcc/pic32c/8.3.1/../../../../pic32c/lib/thumb/v7e-m+fp/hard\libc-musl.a(strncmp.o)
 .debug_info    0x0006011f      0x2d7 c:/program files/microchip/xc32/v4.30/bin/bin/../../lib/gcc/pic32c/8.3.1/../../../../pic32c/lib/thumb/v7e-m+fp/hard\libc-musl.a(strncpy.o)
 .debug_info    0x000603f6      0x2f4 c:/program files/microchip/xc32/v4.30/bin/bin/../../lib/gcc/pic32c/8.3.1/../../../../pic32c/lib/thumb/v7e-m+fp/hard\libc-musl.a(strtok.o)
 .debug_info    0x000606ea      0x2ad c:/program files/microchip/xc32/v4.30/bin/bin/../../lib/gcc/pic32c/8.3.1/../../../../pic32c/lib/thumb/v7e-m+fp/hard\libc-musl.a(__environ.o)
 .debug_info    0x00060997      0x84b c:/program files/microchip/xc32/v4.30/bin/bin/../../lib/gcc/pic32c/8.3.1/../../../../pic32c/lib/thumb/v7e-m+fp/hard\libc-musl.a(intscan.o)
 .debug_info    0x000611e2      0x642 c:/program files/microchip/xc32/v4.30/bin/bin/../../lib/gcc/pic32c/8.3.1/../../../../pic32c/lib/thumb/v7e-m+fp/hard\libc-musl.a(shgetc.o)
 .debug_info    0x00061824      0x613 c:/program files/microchip/xc32/v4.30/bin/bin/../../lib/gcc/pic32c/8.3.1/../../../../pic32c/lib/thumb/v7e-m+fp/hard\libc-musl.a(__uflow.o)
 .debug_info    0x00061e37      0x6c0 c:/program files/microchip/xc32/v4.30/bin/bin/../../lib/gcc/pic32c/8.3.1/../../../../pic32c/lib/thumb/v7e-m+fp/hard\libc-musl.a(vfprintf.o)
 .debug_info    0x000624f7      0x2b6 c:/program files/microchip/xc32/v4.30/bin/bin/../../lib/gcc/pic32c/8.3.1/../../../../pic32c/lib/thumb/v7e-m+fp/hard\libc-musl.a(stpcpy.o)
 .debug_info    0x000627ad      0x2f2 c:/program files/microchip/xc32/v4.30/bin/bin/../../lib/gcc/pic32c/8.3.1/../../../../pic32c/lib/thumb/v7e-m+fp/hard\libc-musl.a(stpncpy.o)
 .debug_info    0x00062a9f      0x319 c:/program files/microchip/xc32/v4.30/bin/bin/../../lib/gcc/pic32c/8.3.1/../../../../pic32c/lib/thumb/v7e-m+fp/hard\libc-musl.a(strcspn.o)
 .debug_info    0x00062db8      0x2fe c:/program files/microchip/xc32/v4.30/bin/bin/../../lib/gcc/pic32c/8.3.1/../../../../pic32c/lib/thumb/v7e-m+fp/hard\libc-musl.a(strspn.o)
 .debug_info    0x000630b6      0x62d c:/program files/microchip/xc32/v4.30/bin/bin/../../lib/gcc/pic32c/8.3.1/../../../../pic32c/lib/thumb/v7e-m+fp/hard\libc-musl.a(__toread.o)
 .debug_info    0x000636e3      0x3db c:/program files/microchip/xc32/v4.30/bin/bin/../../lib/gcc/pic32c/8.3.1/../../../../pic32c/lib/thumb/v7e-m+fp/hard\libc-musl.a(__pop_float.o)
 .debug_info    0x00063abe      0x3ff c:/program files/microchip/xc32/v4.30/bin/bin/../../lib/gcc/pic32c/8.3.1/../../../../pic32c/lib/thumb/v7e-m+fp/hard\libc-musl.a(__pop_int.o)
 .debug_info    0x00063ebd      0x405 c:/program files/microchip/xc32/v4.30/bin/bin/../../lib/gcc/pic32c/8.3.1/../../../../pic32c/lib/thumb/v7e-m+fp/hard\libc-musl.a(__pop_ptr.o)
 .debug_info    0x000642c2      0xd6c c:/program files/microchip/xc32/v4.30/bin/bin/../../lib/gcc/pic32c/8.3.1/../../../../pic32c/lib/thumb/v7e-m+fp/hard\libc-musl.a(__printf_core.o)
 .debug_info    0x0006502e      0x2f9 c:/program files/microchip/xc32/v4.30/bin/bin/../../lib/gcc/pic32c/8.3.1/../../../../pic32c/lib/thumb/v7e-m+fp/hard\libc-musl.a(atoi.o)
 .debug_info    0x00065327      0x351 c:/program files/microchip/xc32/v4.30/bin/bin/../../lib/gcc/pic32c/8.3.1/../../../../pic32c/lib/thumb/v7e-m+fp/hard\libc-musl.a(tolower.o)
 .debug_info    0x00065678      0x905 c:/program files/microchip/xc32/v4.30/bin/bin/../../lib/gcc/pic32c/8.3.1/../../../../pic32c/lib/thumb/v7e-m+fp/hard\libc-musl.a(__fmt_a.o)
 .debug_info    0x00065f7d      0x5c0 c:/program files/microchip/xc32/v4.30/bin/bin/../../lib/gcc/pic32c/8.3.1/../../../../pic32c/lib/thumb/v7e-m+fp/hard\libc-musl.a(__fmt_d.o)
 .debug_info    0x0006653d      0x949 c:/program files/microchip/xc32/v4.30/bin/bin/../../lib/gcc/pic32c/8.3.1/../../../../pic32c/lib/thumb/v7e-m+fp/hard\libc-musl.a(__fmt_fp.o)
 .debug_info    0x00066e86      0x591 c:/program files/microchip/xc32/v4.30/bin/bin/../../lib/gcc/pic32c/8.3.1/../../../../pic32c/lib/thumb/v7e-m+fp/hard\libc-musl.a(__fmt_o.o)
 .debug_info    0x00067417      0x535 c:/program files/microchip/xc32/v4.30/bin/bin/../../lib/gcc/pic32c/8.3.1/../../../../pic32c/lib/thumb/v7e-m+fp/hard\libc-musl.a(__fmt_s.o)
 .debug_info    0x0006794c      0x591 c:/program files/microchip/xc32/v4.30/bin/bin/../../lib/gcc/pic32c/8.3.1/../../../../pic32c/lib/thumb/v7e-m+fp/hard\libc-musl.a(__fmt_u.o)
 .debug_info    0x00067edd      0x5c1 c:/program files/microchip/xc32/v4.30/bin/bin/../../lib/gcc/pic32c/8.3.1/../../../../pic32c/lib/thumb/v7e-m+fp/hard\libc-musl.a(__fmt_x.o)
 .debug_info    0x0006849e      0x351 c:/program files/microchip/xc32/v4.30/bin/bin/../../lib/gcc/pic32c/8.3.1/../../../../pic32c/lib/thumb/v7e-m+fp/hard\libc-musl.a(toupper.o)
 .debug_info    0x000687ef      0x441 c:/program files/microchip/xc32/v4.30/bin/bin/../../lib/gcc/pic32c/8.3.1/../../../../pic32c/lib/thumb/v7e-m+fp/hard\libc-musl.a(__cvt_u.o)
 .debug_info    0x00068c30       0x26 c:/program files/microchip/xc32/v4.30/bin/bin/../../lib/gcc/pic32c/8.3.1/thumb/v7e-m+fp/hard\libgcc.a(_aeabi_uldivmod.o)
 .debug_info    0x00068c56      0x7aa c:/program files/microchip/xc32/v4.30/bin/bin/../../lib/gcc/pic32c/8.3.1/thumb/v7e-m+fp/hard\libgcc.a(_udivmoddi4.o)
 .debug_info    0x00069400       0x26 c:/program files/microchip/xc32/v4.30/bin/bin/../../lib/gcc/pic32c/8.3.1/thumb/v7e-m+fp/hard\libgcc.a(_dvmd_tls.o)
 .debug_info    0x00069426      0x296 c:/program files/microchip/xc32/v4.30/bin/bin/../../lib/gcc/pic32c/8.3.1/../../../../pic32c/lib/thumb/v7e-m+fp/hard\libpic32c.a(pic32_data_init_clear.o)
 .debug_info    0x000696bc      0x295 c:/program files/microchip/xc32/v4.30/bin/bin/../../lib/gcc/pic32c/8.3.1/../../../../pic32c/lib/thumb/v7e-m+fp/hard\libpic32c.a(pic32_data_init_copy.o)

.debug_abbrev   0x00000000     0xc832
 .debug_abbrev  0x00000000      0x544 build/default/production/_ext/297566330/app_p2p_phy.o
 .debug_abbrev  0x00000544      0x55a build/default/production/_ext/767817240/app_phy_cmd_processor.o
 .debug_abbrev  0x00000a9e      0x264 build/default/production/_ext/1529399856/osal_freertos.o
 .debug_abbrev  0x00000d02      0x187 build/default/production/_ext/1529399856/osal_freertos_extend.o
 .debug_abbrev  0x00000e89      0x105 build/default/production/_ext/60165520/plib_clk.o
 .debug_abbrev  0x00000f8e       0x39 build/default/production/_ext/1986646378/plib_evsys.o
 .debug_abbrev  0x00000fc7      0x139 build/default/production/_ext/1865254177/plib_gpio.o
 .debug_abbrev  0x00001100      0x21b build/default/production/_ext/1865468468/plib_nvic.o
 .debug_abbrev  0x0000131b      0x4c3 build/default/production/_ext/504274921/plib_sercom0_usart.o
 .debug_abbrev  0x000017de      0x1fe build/default/production/_ext/829342655/plib_tc0.o
 .debug_abbrev  0x000019dc      0x543 build/default/production/_ext/1376093119/sys_command.o
 .debug_abbrev  0x00001f1f      0x3a4 build/default/production/_ext/1832805299/sys_console.o
 .debug_abbrev  0x000022c3      0x3b2 build/default/production/_ext/1832805299/sys_console_uart.o
 .debug_abbrev  0x00002675      0x231 build/default/production/_ext/1881668453/sys_int.o
 .debug_abbrev  0x000028a6       0xed build/default/production/_ext/1000052432/sys_reset.o
 .debug_abbrev  0x00002993      0x581 build/default/production/_ext/101884895/sys_time.o
 .debug_abbrev  0x00002f14       0x3c build/default/production/_ext/1171490990/exceptions.o
 .debug_abbrev  0x00002f50      0x1db build/default/production/_ext/1171490990/startup_xc32.o
 .debug_abbrev  0x0000312b      0x2d9 build/default/production/_ext/1171490990/initialization.o
 .debug_abbrev  0x00003404       0xb3 build/default/production/_ext/1171490990/interrupts.o
 .debug_abbrev  0x000034b7      0x14a build/default/production/_ext/1171490990/tasks.o
 .debug_abbrev  0x00003601      0x15a build/default/production/_ext/1171490990/freertos_hooks.o
 .debug_abbrev  0x0000375b      0x25c build/default/production/_ext/246609638/port.o
 .debug_abbrev  0x000039b7      0x28a build/default/production/_ext/1665200909/heap_4.o
 .debug_abbrev  0x00003c41      0x3e4 build/default/production/_ext/404212886/queue.o
 .debug_abbrev  0x00004025      0x15c build/default/production/_ext/404212886/list.o
 .debug_abbrev  0x00004181      0x54b build/default/production/_ext/404212886/FreeRTOS_tasks.o
 .debug_abbrev  0x000046cc       0x75 build/default/production/_ext/1360937237/main.o
 .debug_abbrev  0x00004741       0x39 build/default/production/_ext/1360937237/app_idle_task.o
 .debug_abbrev  0x0000477a      0x19b build/default/production/_ext/1360937237/app.o
 .debug_abbrev  0x00004915      0x1f4 build/default/production/_ext/1360937237/transmit.o
 .debug_abbrev  0x00004b09      0x108 build/default/production/_ext/957911548/phy_rx_frame_cb.o
 .debug_abbrev  0x00004c11      0x15a build/default/production/_ext/957911548/phy_task.o
 .debug_abbrev  0x00004d6b       0x59 build/default/production/_ext/957911548/phy_ed_end_cb.o
 .debug_abbrev  0x00004dc4      0x1c3 build/default/production/_ext/1374435801/bmm.o
 .debug_abbrev  0x00004f87      0x2b4 build/default/production/_ext/874725666/qmm.o
 .debug_abbrev  0x0000523b      0x387 build/default/production/_ext/745501718/pal.o
 .debug_abbrev  0x000055c2      0x3ed build/default/production/_ext/60176403/plib_nvm.o
 .debug_abbrev  0x000059af       0xb3 build/default/production/_ext/1865643529/plib_trng.o
 .debug_abbrev  0x00005a62      0x240 ..\src\config\default\driver\device_support\pic32cx_bz2_device_support.a(info_block.o)
 .debug_abbrev  0x00005ca2      0x257 ..\src\config\default\driver\device_support\pic32cx_bz2_device_support.a(rf_system.o)
 .debug_abbrev  0x00005ef9      0x141 ..\src\config\default\driver\device_support\pic32cx_bz2_device_support.a(info_block_plat.o)
 .debug_abbrev  0x0000603a       0xbe ..\src\config\default\driver\device_support\pic32cx_bz2_device_support.a(pmu_dvr.o)
 .debug_abbrev  0x000060f8      0x150 ..\src\config\default\driver\device_support\pic32cx_bz2_device_support.a(rf.o)
 .debug_abbrev  0x00006248      0x3d7 ..\src\config\default\driver\lib\lib-ieee802154_phy_pic32cxbz-v1.1.0.a(phy.o)
 .debug_abbrev  0x0000661f      0x2fa ..\src\config\default\driver\lib\lib-ieee802154_phy_pic32cxbz-v1.1.0.a(phy_ed.o)
 .debug_abbrev  0x00006919      0x4f8 ..\src\config\default\driver\lib\lib-ieee802154_phy_pic32cxbz-v1.1.0.a(phy_helper.o)
 .debug_abbrev  0x00006e11      0x43a ..\src\config\default\driver\lib\lib-ieee802154_phy_pic32cxbz-v1.1.0.a(phy_init.o)
 .debug_abbrev  0x0000724b      0x3f7 ..\src\config\default\driver\lib\lib-ieee802154_phy_pic32cxbz-v1.1.0.a(phy_irq_handler.o)
 .debug_abbrev  0x00007642      0x4c7 ..\src\config\default\driver\lib\lib-ieee802154_phy_pic32cxbz-v1.1.0.a(phy_pib.o)
 .debug_abbrev  0x00007b09      0x3a9 ..\src\config\default\driver\lib\lib-ieee802154_phy_pic32cxbz-v1.1.0.a(phy_pwr_mgmt.o)
 .debug_abbrev  0x00007eb2      0x340 ..\src\config\default\driver\lib\lib-ieee802154_phy_pic32cxbz-v1.1.0.a(phy_rx.o)
 .debug_abbrev  0x000081f2      0x17d ..\src\config\default\driver\lib\lib-ieee802154_phy_pic32cxbz-v1.1.0.a(phy_rx_enable.o)
 .debug_abbrev  0x0000836f      0x468 ..\src\config\default\driver\lib\lib-ieee802154_phy_pic32cxbz-v1.1.0.a(phy_tx.o)
 .debug_abbrev  0x000087d7      0x383 ..\src\config\default\driver\lib\lib-ieee802154_phy_pic32cxbz-v1.1.0.a(tfa.o)
 .debug_abbrev  0x00008b5a      0x1dd ..\src\config\default\driver\pds\pds.a(wlPdsInit.o)
 .debug_abbrev  0x00008d37      0x2b6 ..\src\config\default\driver\pds\pds.a(D_Nv.o)
 .debug_abbrev  0x00008fed      0x4c4 ..\src\config\default\driver\pds\pds.a(S_Nv-Chimera.o)
 .debug_abbrev  0x000094b1      0x504 ..\src\config\default\driver\pds\pds.a(wlPdsDataServer.o)
 .debug_abbrev  0x000099b5       0x44 c:/program files/microchip/xc32/v4.30/bin/bin/../../lib/gcc/pic32c/8.3.1/../../../../pic32c/lib/thumb/v7e-m+fp/hard\libpic32c.a(data_init.o)
 .debug_abbrev  0x000099f9      0x117 c:/program files/microchip/xc32/v4.30/bin/bin/../../lib/gcc/pic32c/8.3.1/../../../../pic32c/lib/thumb/v7e-m+fp/hard\libc-musl.a(__libc_start_main.o)
 .debug_abbrev  0x00009b10       0x2e c:/program files/microchip/xc32/v4.30/bin/bin/../../lib/gcc/pic32c/8.3.1/../../../../pic32c/lib/thumb/v7e-m+fp/hard\libc-musl.a(__errno_location.o)
 .debug_abbrev  0x00009b3e       0xb8 c:/program files/microchip/xc32/v4.30/bin/bin/../../lib/gcc/pic32c/8.3.1/../../../../pic32c/lib/thumb/v7e-m+fp/hard\libc-musl.a(libc.o)
 .debug_abbrev  0x00009bf6      0x402 c:/program files/microchip/xc32/v4.30/bin/bin/../../lib/gcc/pic32c/8.3.1/../../../../pic32c/lib/thumb/v7e-m+fp/hard\libc-musl.a(malloc.o)
 .debug_abbrev  0x00009ff8       0x8b c:/program files/microchip/xc32/v4.30/bin/bin/../../lib/gcc/pic32c/8.3.1/../../../../pic32c/lib/thumb/v7e-m+fp/hard\libc-musl.a(rand.o)
 .debug_abbrev  0x0000a083      0x168 c:/program files/microchip/xc32/v4.30/bin/bin/../../lib/gcc/pic32c/8.3.1/../../../../pic32c/lib/thumb/v7e-m+fp/hard\libc-musl.a(vsnprintf.o)
 .debug_abbrev  0x0000a1eb       0xfb c:/program files/microchip/xc32/v4.30/bin/bin/../../lib/gcc/pic32c/8.3.1/../../../../pic32c/lib/thumb/v7e-m+fp/hard\libc-musl.a(sprintf.o)
 .debug_abbrev  0x0000a2e6       0xc3 c:/program files/microchip/xc32/v4.30/bin/bin/../../lib/gcc/pic32c/8.3.1/../../../../pic32c/lib/thumb/v7e-m+fp/hard\libc-musl.a(vsprintf.o)
 .debug_abbrev  0x0000a3a9      0x1c7 c:/program files/microchip/xc32/v4.30/bin/bin/../../lib/gcc/pic32c/8.3.1/../../../../pic32c/lib/thumb/v7e-m+fp/hard\libc-musl.a(strtol.o)
 .debug_abbrev  0x0000a570       0x8b c:/program files/microchip/xc32/v4.30/bin/bin/../../lib/gcc/pic32c/8.3.1/../../../../pic32c/lib/thumb/v7e-m+fp/hard\libc-musl.a(memcmp.o)
 .debug_abbrev  0x0000a5fb       0x9c c:/program files/microchip/xc32/v4.30/bin/bin/../../lib/gcc/pic32c/8.3.1/../../../../pic32c/lib/thumb/v7e-m+fp/hard\libc-musl.a(memcpy.o)
 .debug_abbrev  0x0000a697       0x97 c:/program files/microchip/xc32/v4.30/bin/bin/../../lib/gcc/pic32c/8.3.1/../../../../pic32c/lib/thumb/v7e-m+fp/hard\libc-musl.a(memset.o)
 .debug_abbrev  0x0000a72e       0x86 c:/program files/microchip/xc32/v4.30/bin/bin/../../lib/gcc/pic32c/8.3.1/../../../../pic32c/lib/thumb/v7e-m+fp/hard\libc-musl.a(strlen.o)
 .debug_abbrev  0x0000a7b4       0xa2 c:/program files/microchip/xc32/v4.30/bin/bin/../../lib/gcc/pic32c/8.3.1/../../../../pic32c/lib/thumb/v7e-m+fp/hard\libc-musl.a(strchr.o)
 .debug_abbrev  0x0000a856       0xa5 c:/program files/microchip/xc32/v4.30/bin/bin/../../lib/gcc/pic32c/8.3.1/../../../../pic32c/lib/thumb/v7e-m+fp/hard\libc-musl.a(strchrnul.o)
 .debug_abbrev  0x0000a8fb       0x63 c:/program files/microchip/xc32/v4.30/bin/bin/../../lib/gcc/pic32c/8.3.1/../../../../pic32c/lib/thumb/v7e-m+fp/hard\libc-musl.a(strcmp.o)
 .debug_abbrev  0x0000a95e       0x8e c:/program files/microchip/xc32/v4.30/bin/bin/../../lib/gcc/pic32c/8.3.1/../../../../pic32c/lib/thumb/v7e-m+fp/hard\libc-musl.a(strcpy.o)
 .debug_abbrev  0x0000a9ec       0x86 c:/program files/microchip/xc32/v4.30/bin/bin/../../lib/gcc/pic32c/8.3.1/../../../../pic32c/lib/thumb/v7e-m+fp/hard\libc-musl.a(strncmp.o)
 .debug_abbrev  0x0000aa72       0x9d c:/program files/microchip/xc32/v4.30/bin/bin/../../lib/gcc/pic32c/8.3.1/../../../../pic32c/lib/thumb/v7e-m+fp/hard\libc-musl.a(strncpy.o)
 .debug_abbrev  0x0000ab0f       0xac c:/program files/microchip/xc32/v4.30/bin/bin/../../lib/gcc/pic32c/8.3.1/../../../../pic32c/lib/thumb/v7e-m+fp/hard\libc-musl.a(strtok.o)
 .debug_abbrev  0x0000abbb       0x57 c:/program files/microchip/xc32/v4.30/bin/bin/../../lib/gcc/pic32c/8.3.1/../../../../pic32c/lib/thumb/v7e-m+fp/hard\libc-musl.a(__environ.o)
 .debug_abbrev  0x0000ac12      0x1cb c:/program files/microchip/xc32/v4.30/bin/bin/../../lib/gcc/pic32c/8.3.1/../../../../pic32c/lib/thumb/v7e-m+fp/hard\libc-musl.a(intscan.o)
 .debug_abbrev  0x0000addd      0x14a c:/program files/microchip/xc32/v4.30/bin/bin/../../lib/gcc/pic32c/8.3.1/../../../../pic32c/lib/thumb/v7e-m+fp/hard\libc-musl.a(shgetc.o)
 .debug_abbrev  0x0000af27      0x125 c:/program files/microchip/xc32/v4.30/bin/bin/../../lib/gcc/pic32c/8.3.1/../../../../pic32c/lib/thumb/v7e-m+fp/hard\libc-musl.a(__uflow.o)
 .debug_abbrev  0x0000b04c      0x16d c:/program files/microchip/xc32/v4.30/bin/bin/../../lib/gcc/pic32c/8.3.1/../../../../pic32c/lib/thumb/v7e-m+fp/hard\libc-musl.a(vfprintf.o)
 .debug_abbrev  0x0000b1b9       0x63 c:/program files/microchip/xc32/v4.30/bin/bin/../../lib/gcc/pic32c/8.3.1/../../../../pic32c/lib/thumb/v7e-m+fp/hard\libc-musl.a(stpcpy.o)
 .debug_abbrev  0x0000b21c       0x86 c:/program files/microchip/xc32/v4.30/bin/bin/../../lib/gcc/pic32c/8.3.1/../../../../pic32c/lib/thumb/v7e-m+fp/hard\libc-musl.a(stpncpy.o)
 .debug_abbrev  0x0000b2a2       0xf5 c:/program files/microchip/xc32/v4.30/bin/bin/../../lib/gcc/pic32c/8.3.1/../../../../pic32c/lib/thumb/v7e-m+fp/hard\libc-musl.a(strcspn.o)
 .debug_abbrev  0x0000b397       0xd2 c:/program files/microchip/xc32/v4.30/bin/bin/../../lib/gcc/pic32c/8.3.1/../../../../pic32c/lib/thumb/v7e-m+fp/hard\libc-musl.a(strspn.o)
 .debug_abbrev  0x0000b469      0x12f c:/program files/microchip/xc32/v4.30/bin/bin/../../lib/gcc/pic32c/8.3.1/../../../../pic32c/lib/thumb/v7e-m+fp/hard\libc-musl.a(__toread.o)
 .debug_abbrev  0x0000b598       0xbd c:/program files/microchip/xc32/v4.30/bin/bin/../../lib/gcc/pic32c/8.3.1/../../../../pic32c/lib/thumb/v7e-m+fp/hard\libc-musl.a(__pop_float.o)
 .debug_abbrev  0x0000b655       0xbd c:/program files/microchip/xc32/v4.30/bin/bin/../../lib/gcc/pic32c/8.3.1/../../../../pic32c/lib/thumb/v7e-m+fp/hard\libc-musl.a(__pop_int.o)
 .debug_abbrev  0x0000b712       0xce c:/program files/microchip/xc32/v4.30/bin/bin/../../lib/gcc/pic32c/8.3.1/../../../../pic32c/lib/thumb/v7e-m+fp/hard\libc-musl.a(__pop_ptr.o)
 .debug_abbrev  0x0000b7e0      0x2c5 c:/program files/microchip/xc32/v4.30/bin/bin/../../lib/gcc/pic32c/8.3.1/../../../../pic32c/lib/thumb/v7e-m+fp/hard\libc-musl.a(__printf_core.o)
 .debug_abbrev  0x0000baa5       0xbb c:/program files/microchip/xc32/v4.30/bin/bin/../../lib/gcc/pic32c/8.3.1/../../../../pic32c/lib/thumb/v7e-m+fp/hard\libc-musl.a(atoi.o)
 .debug_abbrev  0x0000bb60       0xfd c:/program files/microchip/xc32/v4.30/bin/bin/../../lib/gcc/pic32c/8.3.1/../../../../pic32c/lib/thumb/v7e-m+fp/hard\libc-musl.a(tolower.o)
 .debug_abbrev  0x0000bc5d      0x194 c:/program files/microchip/xc32/v4.30/bin/bin/../../lib/gcc/pic32c/8.3.1/../../../../pic32c/lib/thumb/v7e-m+fp/hard\libc-musl.a(__fmt_a.o)
 .debug_abbrev  0x0000bdf1      0x120 c:/program files/microchip/xc32/v4.30/bin/bin/../../lib/gcc/pic32c/8.3.1/../../../../pic32c/lib/thumb/v7e-m+fp/hard\libc-musl.a(__fmt_d.o)
 .debug_abbrev  0x0000bf11      0x1b3 c:/program files/microchip/xc32/v4.30/bin/bin/../../lib/gcc/pic32c/8.3.1/../../../../pic32c/lib/thumb/v7e-m+fp/hard\libc-musl.a(__fmt_fp.o)
 .debug_abbrev  0x0000c0c4      0x120 c:/program files/microchip/xc32/v4.30/bin/bin/../../lib/gcc/pic32c/8.3.1/../../../../pic32c/lib/thumb/v7e-m+fp/hard\libc-musl.a(__fmt_o.o)
 .debug_abbrev  0x0000c1e4      0x10b c:/program files/microchip/xc32/v4.30/bin/bin/../../lib/gcc/pic32c/8.3.1/../../../../pic32c/lib/thumb/v7e-m+fp/hard\libc-musl.a(__fmt_s.o)
 .debug_abbrev  0x0000c2ef      0x120 c:/program files/microchip/xc32/v4.30/bin/bin/../../lib/gcc/pic32c/8.3.1/../../../../pic32c/lib/thumb/v7e-m+fp/hard\libc-musl.a(__fmt_u.o)
 .debug_abbrev  0x0000c40f      0x10f c:/program files/microchip/xc32/v4.30/bin/bin/../../lib/gcc/pic32c/8.3.1/../../../../pic32c/lib/thumb/v7e-m+fp/hard\libc-musl.a(__fmt_x.o)
 .debug_abbrev  0x0000c51e       0xfd c:/program files/microchip/xc32/v4.30/bin/bin/../../lib/gcc/pic32c/8.3.1/../../../../pic32c/lib/thumb/v7e-m+fp/hard\libc-musl.a(toupper.o)
 .debug_abbrev  0x0000c61b       0xa1 c:/program files/microchip/xc32/v4.30/bin/bin/../../lib/gcc/pic32c/8.3.1/../../../../pic32c/lib/thumb/v7e-m+fp/hard\libc-musl.a(__cvt_u.o)
 .debug_abbrev  0x0000c6bc       0x14 c:/program files/microchip/xc32/v4.30/bin/bin/../../lib/gcc/pic32c/8.3.1/thumb/v7e-m+fp/hard\libgcc.a(_aeabi_uldivmod.o)
 .debug_abbrev  0x0000c6d0       0xf2 c:/program files/microchip/xc32/v4.30/bin/bin/../../lib/gcc/pic32c/8.3.1/thumb/v7e-m+fp/hard\libgcc.a(_udivmoddi4.o)
 .debug_abbrev  0x0000c7c2       0x14 c:/program files/microchip/xc32/v4.30/bin/bin/../../lib/gcc/pic32c/8.3.1/thumb/v7e-m+fp/hard\libgcc.a(_dvmd_tls.o)
 .debug_abbrev  0x0000c7d6       0x2e c:/program files/microchip/xc32/v4.30/bin/bin/../../lib/gcc/pic32c/8.3.1/../../../../pic32c/lib/thumb/v7e-m+fp/hard\libpic32c.a(pic32_data_init_clear.o)
 .debug_abbrev  0x0000c804       0x2e c:/program files/microchip/xc32/v4.30/bin/bin/../../lib/gcc/pic32c/8.3.1/../../../../pic32c/lib/thumb/v7e-m+fp/hard\libpic32c.a(pic32_data_init_copy.o)

.debug_loc      0x00000000    0x237b4
 .debug_loc     0x00000000     0x1908 build/default/production/_ext/297566330/app_p2p_phy.o
 .debug_loc     0x00001908     0x4a44 build/default/production/_ext/767817240/app_phy_cmd_processor.o
 .debug_loc     0x0000634c      0x628 build/default/production/_ext/1529399856/osal_freertos.o
 .debug_loc     0x00006974      0x466 build/default/production/_ext/1529399856/osal_freertos_extend.o
 .debug_loc     0x00006dda       0x82 build/default/production/_ext/60165520/plib_clk.o
 .debug_loc     0x00006e5c       0x6f build/default/production/_ext/1865254177/plib_gpio.o
 .debug_loc     0x00006ecb      0x19b build/default/production/_ext/1865468468/plib_nvic.o
 .debug_loc     0x00007066      0xed6 build/default/production/_ext/504274921/plib_sercom0_usart.o
 .debug_loc     0x00007f3c       0x80 build/default/production/_ext/829342655/plib_tc0.o
 .debug_loc     0x00007fbc     0x21d6 build/default/production/_ext/1376093119/sys_command.o
 .debug_loc     0x0000a192      0x8b8 build/default/production/_ext/1832805299/sys_console.o
 .debug_loc     0x0000aa4a      0x836 build/default/production/_ext/1832805299/sys_console_uart.o
 .debug_loc     0x0000b280      0x154 build/default/production/_ext/1881668453/sys_int.o
 .debug_loc     0x0000b3d4     0x245b build/default/production/_ext/101884895/sys_time.o
 .debug_loc     0x0000d82f       0x4a build/default/production/_ext/1171490990/startup_xc32.o
 .debug_loc     0x0000d879       0x9a build/default/production/_ext/1171490990/initialization.o
 .debug_loc     0x0000d913      0x113 build/default/production/_ext/1171490990/tasks.o
 .debug_loc     0x0000da26       0x8e build/default/production/_ext/1171490990/freertos_hooks.o
 .debug_loc     0x0000dab4      0x1aa build/default/production/_ext/246609638/port.o
 .debug_loc     0x0000dc5e      0x5fe build/default/production/_ext/1665200909/heap_4.o
 .debug_loc     0x0000e25c     0x22a1 build/default/production/_ext/404212886/queue.o
 .debug_loc     0x000104fd      0x131 build/default/production/_ext/404212886/list.o
 .debug_loc     0x0001062e     0x288e build/default/production/_ext/404212886/FreeRTOS_tasks.o
 .debug_loc     0x00012ebc       0x20 build/default/production/_ext/1360937237/main.o
 .debug_loc     0x00012edc       0xb7 build/default/production/_ext/1360937237/app.o
 .debug_loc     0x00012f93       0xc6 build/default/production/_ext/1360937237/transmit.o
 .debug_loc     0x00013059       0x25 build/default/production/_ext/957911548/phy_rx_frame_cb.o
 .debug_loc     0x0001307e       0xbb build/default/production/_ext/957911548/phy_task.o
 .debug_loc     0x00013139      0x1d2 build/default/production/_ext/1374435801/bmm.o
 .debug_loc     0x0001330b      0x42b build/default/production/_ext/874725666/qmm.o
 .debug_loc     0x00013736      0x8df build/default/production/_ext/745501718/pal.o
 .debug_loc     0x00014015      0x7d9 build/default/production/_ext/60176403/plib_nvm.o
 .debug_loc     0x000147ee      0x728 ..\src\config\default\driver\device_support\pic32cx_bz2_device_support.a(info_block.o)
 .debug_loc     0x00014f16      0x3c4 ..\src\config\default\driver\device_support\pic32cx_bz2_device_support.a(rf_system.o)
 .debug_loc     0x000152da       0xf0 ..\src\config\default\driver\device_support\pic32cx_bz2_device_support.a(info_block_plat.o)
 .debug_loc     0x000153ca       0xb8 ..\src\config\default\driver\device_support\pic32cx_bz2_device_support.a(pmu_dvr.o)
 .debug_loc     0x00015482      0x254 ..\src\config\default\driver\device_support\pic32cx_bz2_device_support.a(rf.o)
 .debug_loc     0x000156d6      0x789 ..\src\config\default\driver\lib\lib-ieee802154_phy_pic32cxbz-v1.1.0.a(phy.o)
 .debug_loc     0x00015e5f      0x363 ..\src\config\default\driver\lib\lib-ieee802154_phy_pic32cxbz-v1.1.0.a(phy_ed.o)
 .debug_loc     0x000161c2     0x1348 ..\src\config\default\driver\lib\lib-ieee802154_phy_pic32cxbz-v1.1.0.a(phy_helper.o)
 .debug_loc     0x0001750a      0x27e ..\src\config\default\driver\lib\lib-ieee802154_phy_pic32cxbz-v1.1.0.a(phy_init.o)
 .debug_loc     0x00017788      0x6d7 ..\src\config\default\driver\lib\lib-ieee802154_phy_pic32cxbz-v1.1.0.a(phy_irq_handler.o)
 .debug_loc     0x00017e5f     0x1152 ..\src\config\default\driver\lib\lib-ieee802154_phy_pic32cxbz-v1.1.0.a(phy_pib.o)
 .debug_loc     0x00018fb1      0x2e2 ..\src\config\default\driver\lib\lib-ieee802154_phy_pic32cxbz-v1.1.0.a(phy_pwr_mgmt.o)
 .debug_loc     0x00019293      0xb68 ..\src\config\default\driver\lib\lib-ieee802154_phy_pic32cxbz-v1.1.0.a(phy_rx.o)
 .debug_loc     0x00019dfb       0x7f ..\src\config\default\driver\lib\lib-ieee802154_phy_pic32cxbz-v1.1.0.a(phy_rx_enable.o)
 .debug_loc     0x00019e7a      0x624 ..\src\config\default\driver\lib\lib-ieee802154_phy_pic32cxbz-v1.1.0.a(phy_tx.o)
 .debug_loc     0x0001a49e      0x683 ..\src\config\default\driver\lib\lib-ieee802154_phy_pic32cxbz-v1.1.0.a(tfa.o)
 .debug_loc     0x0001ab21      0x13b ..\src\config\default\driver\pds\pds.a(wlPdsInit.o)
 .debug_loc     0x0001ac5c      0x58b ..\src\config\default\driver\pds\pds.a(D_Nv.o)
 .debug_loc     0x0001b1e7     0x177e ..\src\config\default\driver\pds\pds.a(S_Nv-Chimera.o)
 .debug_loc     0x0001c965      0xccb ..\src\config\default\driver\pds\pds.a(wlPdsDataServer.o)
 .debug_loc     0x0001d630       0x14 c:/program files/microchip/xc32/v4.30/bin/bin/../../lib/gcc/pic32c/8.3.1/../../../../pic32c/lib/thumb/v7e-m+fp/hard\libpic32c.a(data_init.o)
 .debug_loc     0x0001d644       0x51 c:/program files/microchip/xc32/v4.30/bin/bin/../../lib/gcc/pic32c/8.3.1/../../../../pic32c/lib/thumb/v7e-m+fp/hard\libc-musl.a(__libc_start_main.o)
 .debug_loc     0x0001d695      0xcef c:/program files/microchip/xc32/v4.30/bin/bin/../../lib/gcc/pic32c/8.3.1/../../../../pic32c/lib/thumb/v7e-m+fp/hard\libc-musl.a(malloc.o)
 .debug_loc     0x0001e384       0x24 c:/program files/microchip/xc32/v4.30/bin/bin/../../lib/gcc/pic32c/8.3.1/../../../../pic32c/lib/thumb/v7e-m+fp/hard\libc-musl.a(rand.o)
 .debug_loc     0x0001e3a8       0xeb c:/program files/microchip/xc32/v4.30/bin/bin/../../lib/gcc/pic32c/8.3.1/../../../../pic32c/lib/thumb/v7e-m+fp/hard\libc-musl.a(vsnprintf.o)
 .debug_loc     0x0001e493       0x8a c:/program files/microchip/xc32/v4.30/bin/bin/../../lib/gcc/pic32c/8.3.1/../../../../pic32c/lib/thumb/v7e-m+fp/hard\libc-musl.a(sprintf.o)
 .debug_loc     0x0001e51d       0x6c c:/program files/microchip/xc32/v4.30/bin/bin/../../lib/gcc/pic32c/8.3.1/../../../../pic32c/lib/thumb/v7e-m+fp/hard\libc-musl.a(vsprintf.o)
 .debug_loc     0x0001e589      0x440 c:/program files/microchip/xc32/v4.30/bin/bin/../../lib/gcc/pic32c/8.3.1/../../../../pic32c/lib/thumb/v7e-m+fp/hard\libc-musl.a(strtol.o)
 .debug_loc     0x0001e9c9      0x10c c:/program files/microchip/xc32/v4.30/bin/bin/../../lib/gcc/pic32c/8.3.1/../../../../pic32c/lib/thumb/v7e-m+fp/hard\libc-musl.a(memcmp.o)
 .debug_loc     0x0001ead5       0xe5 c:/program files/microchip/xc32/v4.30/bin/bin/../../lib/gcc/pic32c/8.3.1/../../../../pic32c/lib/thumb/v7e-m+fp/hard\libc-musl.a(memcpy.o)
 .debug_loc     0x0001ebba       0x56 c:/program files/microchip/xc32/v4.30/bin/bin/../../lib/gcc/pic32c/8.3.1/../../../../pic32c/lib/thumb/v7e-m+fp/hard\libc-musl.a(memset.o)
 .debug_loc     0x0001ec10       0x47 c:/program files/microchip/xc32/v4.30/bin/bin/../../lib/gcc/pic32c/8.3.1/../../../../pic32c/lib/thumb/v7e-m+fp/hard\libc-musl.a(strlen.o)
 .debug_loc     0x0001ec57       0x8c c:/program files/microchip/xc32/v4.30/bin/bin/../../lib/gcc/pic32c/8.3.1/../../../../pic32c/lib/thumb/v7e-m+fp/hard\libc-musl.a(strchr.o)
 .debug_loc     0x0001ece3      0x11a c:/program files/microchip/xc32/v4.30/bin/bin/../../lib/gcc/pic32c/8.3.1/../../../../pic32c/lib/thumb/v7e-m+fp/hard\libc-musl.a(strchrnul.o)
 .debug_loc     0x0001edfd       0x96 c:/program files/microchip/xc32/v4.30/bin/bin/../../lib/gcc/pic32c/8.3.1/../../../../pic32c/lib/thumb/v7e-m+fp/hard\libc-musl.a(strcmp.o)
 .debug_loc     0x0001ee93       0x67 c:/program files/microchip/xc32/v4.30/bin/bin/../../lib/gcc/pic32c/8.3.1/../../../../pic32c/lib/thumb/v7e-m+fp/hard\libc-musl.a(strcpy.o)
 .debug_loc     0x0001eefa      0x1b1 c:/program files/microchip/xc32/v4.30/bin/bin/../../lib/gcc/pic32c/8.3.1/../../../../pic32c/lib/thumb/v7e-m+fp/hard\libc-musl.a(strncmp.o)
 .debug_loc     0x0001f0ab       0x8c c:/program files/microchip/xc32/v4.30/bin/bin/../../lib/gcc/pic32c/8.3.1/../../../../pic32c/lib/thumb/v7e-m+fp/hard\libc-musl.a(strncpy.o)
 .debug_loc     0x0001f137       0x71 c:/program files/microchip/xc32/v4.30/bin/bin/../../lib/gcc/pic32c/8.3.1/../../../../pic32c/lib/thumb/v7e-m+fp/hard\libc-musl.a(strtok.o)
 .debug_loc     0x0001f1a8      0x5df c:/program files/microchip/xc32/v4.30/bin/bin/../../lib/gcc/pic32c/8.3.1/../../../../pic32c/lib/thumb/v7e-m+fp/hard\libc-musl.a(intscan.o)
 .debug_loc     0x0001f787       0x91 c:/program files/microchip/xc32/v4.30/bin/bin/../../lib/gcc/pic32c/8.3.1/../../../../pic32c/lib/thumb/v7e-m+fp/hard\libc-musl.a(shgetc.o)
 .debug_loc     0x0001f818       0x5a c:/program files/microchip/xc32/v4.30/bin/bin/../../lib/gcc/pic32c/8.3.1/../../../../pic32c/lib/thumb/v7e-m+fp/hard\libc-musl.a(__uflow.o)
 .debug_loc     0x0001f872       0x88 c:/program files/microchip/xc32/v4.30/bin/bin/../../lib/gcc/pic32c/8.3.1/../../../../pic32c/lib/thumb/v7e-m+fp/hard\libc-musl.a(vfprintf.o)
 .debug_loc     0x0001f8fa       0x60 c:/program files/microchip/xc32/v4.30/bin/bin/../../lib/gcc/pic32c/8.3.1/../../../../pic32c/lib/thumb/v7e-m+fp/hard\libc-musl.a(stpcpy.o)
 .debug_loc     0x0001f95a      0x15b c:/program files/microchip/xc32/v4.30/bin/bin/../../lib/gcc/pic32c/8.3.1/../../../../pic32c/lib/thumb/v7e-m+fp/hard\libc-musl.a(stpncpy.o)
 .debug_loc     0x0001fab5      0x13d c:/program files/microchip/xc32/v4.30/bin/bin/../../lib/gcc/pic32c/8.3.1/../../../../pic32c/lib/thumb/v7e-m+fp/hard\libc-musl.a(strcspn.o)
 .debug_loc     0x0001fbf2      0x13f c:/program files/microchip/xc32/v4.30/bin/bin/../../lib/gcc/pic32c/8.3.1/../../../../pic32c/lib/thumb/v7e-m+fp/hard\libc-musl.a(strspn.o)
 .debug_loc     0x0001fd31       0x42 c:/program files/microchip/xc32/v4.30/bin/bin/../../lib/gcc/pic32c/8.3.1/../../../../pic32c/lib/thumb/v7e-m+fp/hard\libc-musl.a(__toread.o)
 .debug_loc     0x0001fd73       0xa6 c:/program files/microchip/xc32/v4.30/bin/bin/../../lib/gcc/pic32c/8.3.1/../../../../pic32c/lib/thumb/v7e-m+fp/hard\libc-musl.a(__pop_float.o)
 .debug_loc     0x0001fe19      0x2f5 c:/program files/microchip/xc32/v4.30/bin/bin/../../lib/gcc/pic32c/8.3.1/../../../../pic32c/lib/thumb/v7e-m+fp/hard\libc-musl.a(__pop_int.o)